Archive member included to satisfy reference by file (symbol)

d:/stm32cubeide_1.6.0/stm32cubeide/plugins/com.st.stm32cube.ide.mcu.externaltools.gnu-tools-for-stm32.9-2020-q2-update.win32_1.5.0.202011040924/tools/bin/../lib/gcc/arm-none-eabi/9.3.1/../../../../arm-none-eabi/lib/thumb/v7-m/nofp\libc_nano.a(lib_a-errno.o)
                              Core/Src/syscalls.o (__errno)
d:/stm32cubeide_1.6.0/stm32cubeide/plugins/com.st.stm32cube.ide.mcu.externaltools.gnu-tools-for-stm32.9-2020-q2-update.win32_1.5.0.202011040924/tools/bin/../lib/gcc/arm-none-eabi/9.3.1/../../../../arm-none-eabi/lib/thumb/v7-m/nofp\libc_nano.a(lib_a-exit.o)
                              d:/stm32cubeide_1.6.0/stm32cubeide/plugins/com.st.stm32cube.ide.mcu.externaltools.gnu-tools-for-stm32.9-2020-q2-update.win32_1.5.0.202011040924/tools/bin/../lib/gcc/arm-none-eabi/9.3.1/../../../../arm-none-eabi/lib/thumb/v7-m/nofp/crt0.o (exit)
d:/stm32cubeide_1.6.0/stm32cubeide/plugins/com.st.stm32cube.ide.mcu.externaltools.gnu-tools-for-stm32.9-2020-q2-update.win32_1.5.0.202011040924/tools/bin/../lib/gcc/arm-none-eabi/9.3.1/../../../../arm-none-eabi/lib/thumb/v7-m/nofp\libc_nano.a(lib_a-impure.o)
                              d:/stm32cubeide_1.6.0/stm32cubeide/plugins/com.st.stm32cube.ide.mcu.externaltools.gnu-tools-for-stm32.9-2020-q2-update.win32_1.5.0.202011040924/tools/bin/../lib/gcc/arm-none-eabi/9.3.1/../../../../arm-none-eabi/lib/thumb/v7-m/nofp\libc_nano.a(lib_a-exit.o) (_global_impure_ptr)
d:/stm32cubeide_1.6.0/stm32cubeide/plugins/com.st.stm32cube.ide.mcu.externaltools.gnu-tools-for-stm32.9-2020-q2-update.win32_1.5.0.202011040924/tools/bin/../lib/gcc/arm-none-eabi/9.3.1/../../../../arm-none-eabi/lib/thumb/v7-m/nofp\libc_nano.a(lib_a-init.o)
                              d:/stm32cubeide_1.6.0/stm32cubeide/plugins/com.st.stm32cube.ide.mcu.externaltools.gnu-tools-for-stm32.9-2020-q2-update.win32_1.5.0.202011040924/tools/bin/../lib/gcc/arm-none-eabi/9.3.1/../../../../arm-none-eabi/lib/thumb/v7-m/nofp/crt0.o (__libc_init_array)
d:/stm32cubeide_1.6.0/stm32cubeide/plugins/com.st.stm32cube.ide.mcu.externaltools.gnu-tools-for-stm32.9-2020-q2-update.win32_1.5.0.202011040924/tools/bin/../lib/gcc/arm-none-eabi/9.3.1/../../../../arm-none-eabi/lib/thumb/v7-m/nofp\libc_nano.a(lib_a-memset.o)
                              d:/stm32cubeide_1.6.0/stm32cubeide/plugins/com.st.stm32cube.ide.mcu.externaltools.gnu-tools-for-stm32.9-2020-q2-update.win32_1.5.0.202011040924/tools/bin/../lib/gcc/arm-none-eabi/9.3.1/../../../../arm-none-eabi/lib/thumb/v7-m/nofp/crt0.o (memset)
d:/stm32cubeide_1.6.0/stm32cubeide/plugins/com.st.stm32cube.ide.mcu.externaltools.gnu-tools-for-stm32.9-2020-q2-update.win32_1.5.0.202011040924/tools/bin/../lib/gcc/arm-none-eabi/9.3.1/../../../../arm-none-eabi/lib/thumb/v7-m/nofp\libc_nano.a(lib_a-snprintf.o)
                              Core/Src/main.o (snprintf)
d:/stm32cubeide_1.6.0/stm32cubeide/plugins/com.st.stm32cube.ide.mcu.externaltools.gnu-tools-for-stm32.9-2020-q2-update.win32_1.5.0.202011040924/tools/bin/../lib/gcc/arm-none-eabi/9.3.1/../../../../arm-none-eabi/lib/thumb/v7-m/nofp\libc_nano.a(lib_a-sprintf.o)
                              Core/Src/main.o (sprintf)
d:/stm32cubeide_1.6.0/stm32cubeide/plugins/com.st.stm32cube.ide.mcu.externaltools.gnu-tools-for-stm32.9-2020-q2-update.win32_1.5.0.202011040924/tools/bin/../lib/gcc/arm-none-eabi/9.3.1/../../../../arm-none-eabi/lib/thumb/v7-m/nofp\libc_nano.a(lib_a-strlen.o)
                              Core/Src/main.o (strlen)
d:/stm32cubeide_1.6.0/stm32cubeide/plugins/com.st.stm32cube.ide.mcu.externaltools.gnu-tools-for-stm32.9-2020-q2-update.win32_1.5.0.202011040924/tools/bin/../lib/gcc/arm-none-eabi/9.3.1/../../../../arm-none-eabi/lib/thumb/v7-m/nofp\libc_nano.a(lib_a-nano-svfprintf.o)
                              d:/stm32cubeide_1.6.0/stm32cubeide/plugins/com.st.stm32cube.ide.mcu.externaltools.gnu-tools-for-stm32.9-2020-q2-update.win32_1.5.0.202011040924/tools/bin/../lib/gcc/arm-none-eabi/9.3.1/../../../../arm-none-eabi/lib/thumb/v7-m/nofp\libc_nano.a(lib_a-snprintf.o) (_svfprintf_r)
d:/stm32cubeide_1.6.0/stm32cubeide/plugins/com.st.stm32cube.ide.mcu.externaltools.gnu-tools-for-stm32.9-2020-q2-update.win32_1.5.0.202011040924/tools/bin/../lib/gcc/arm-none-eabi/9.3.1/../../../../arm-none-eabi/lib/thumb/v7-m/nofp\libc_nano.a(lib_a-nano-vfprintf_i.o)
                              d:/stm32cubeide_1.6.0/stm32cubeide/plugins/com.st.stm32cube.ide.mcu.externaltools.gnu-tools-for-stm32.9-2020-q2-update.win32_1.5.0.202011040924/tools/bin/../lib/gcc/arm-none-eabi/9.3.1/../../../../arm-none-eabi/lib/thumb/v7-m/nofp\libc_nano.a(lib_a-nano-svfprintf.o) (_printf_i)
d:/stm32cubeide_1.6.0/stm32cubeide/plugins/com.st.stm32cube.ide.mcu.externaltools.gnu-tools-for-stm32.9-2020-q2-update.win32_1.5.0.202011040924/tools/bin/../lib/gcc/arm-none-eabi/9.3.1/../../../../arm-none-eabi/lib/thumb/v7-m/nofp\libc_nano.a(lib_a-memchr-stub.o)
[...]
Memory Configuration

Name             Origin             Length             Attributes
RAM              0x0000000020000000 0x0000000000005000 xrw
FLASH            0x0000000008000000 0x0000000000020000 xr
*default*        0x0000000000000000 0xffffffffffffffff

Linker script and memory map

LOAD d:/stm32cubeide_1.6.0/stm32cubeide/plugins/com.st.stm32cube.ide.mcu.externaltools.gnu-tools-for-stm32.9-2020-q2-update.win32_1.5.0.202011040924/tools/bin/../lib/gcc/arm-none-eabi/9.3.1/thumb/v7-m/nofp/crti.o
LOAD d:/stm32cubeide_1.6.0/stm32cubeide/plugins/com.st.stm32cube.ide.mcu.externaltools.gnu-tools-for-stm32.9-2020-q2-update.win32_1.5.0.202011040924/tools/bin/../lib/gcc/arm-none-eabi/9.3.1/thumb/v7-m/nofp/crtbegin.o
LOAD d:/stm32cubeide_1.6.0/stm32cubeide/plugins/com.st.stm32cube.ide.mcu.externaltools.gnu-tools-for-stm32.9-2020-q2-update.win32_1.5.0.202011040924/tools/bin/../lib/gcc/arm-none-eabi/9.3.1/../../../../arm-none-eabi/lib/thumb/v7-m/nofp/crt0.o
LOAD Core/Src/main.o
LOAD Core/Src/stm32f1xx_hal_msp.o
LOAD Core/Src/stm32f1xx_it.o
LOAD Core/Src/syscalls.o
LOAD Core/Src/sysmem.o
LOAD Core/Src/system_stm32f1xx.o
LOAD Core/Startup/startup_stm32f103rbtx.o
LOAD Drivers/STM32F1xx_HAL_Driver/Src/stm32f1xx_hal.o
LOAD Drivers/STM32F1xx_HAL_Driver/Src/stm32f1xx_hal_can.o
LOAD Drivers/STM32F1xx_HAL_Driver/Src/stm32f1xx_hal_cortex.o
LOAD Drivers/STM32F1xx_HAL_Driver/Src/stm32f1xx_hal_dma.o
LOAD Drivers/STM32F1xx_HAL_Driver/Src/stm32f1xx_hal_exti.o
LOAD Drivers/STM32F1xx_HAL_Driver/Src/stm32f1xx_hal_flash.o
LOAD Drivers/STM32F1xx_HAL_Driver/Src/stm32f1xx_hal_flash_ex.o
LOAD Drivers/STM32F1xx_HAL_Driver/Src/stm32f1xx_hal_gpio.o
LOAD Drivers/STM32F1xx_HAL_Driver/Src/stm32f1xx_hal_gpio_ex.o
LOAD Drivers/STM32F1xx_HAL_Driver/Src/stm32f1xx_hal_pcd.o
LOAD Drivers/STM32F1xx_HAL_Driver/Src/stm32f1xx_hal_pcd_ex.o
LOAD Drivers/STM32F1xx_HAL_Driver/Src/stm32f1xx_hal_pwr.o
LOAD Drivers/STM32F1xx_HAL_Driver/Src/stm32f1xx_hal_rcc.o
LOAD Drivers/STM32F1xx_HAL_Driver/Src/stm32f1xx_hal_rcc_ex.o
LOAD Drivers/STM32F1xx_HAL_Driver/Src/stm32f1xx_hal_tim.o
LOAD Drivers/STM32F1xx_HAL_Driver/Src/stm32f1xx_hal_tim_ex.o
LOAD Drivers/STM32F1xx_HAL_Driver/Src/stm32f1xx_hal_uart.o
LOAD Drivers/STM32F1xx_HAL_Driver/Src/stm32f1xx_ll_usb.o
LOAD Middlewares/ST/STM32_USB_Device_Library/Class/CDC/Src/usbd_cdc.o
LOAD Middlewares/ST/STM32_USB_Device_Library/Core/Src/usbd_core.o
LOAD Middlewares/ST/STM32_USB_Device_Library/Core/Src/usbd_ctlreq.o
LOAD Middlewares/ST/STM32_USB_Device_Library/Core/Src/usbd_ioreq.o
LOAD USB_DEVICE/App/usb_device.o
LOAD USB_DEVICE/App/usbd_cdc_if.o
LOAD USB_DEVICE/App/usbd_desc.o
LOAD USB_DEVICE/Target/usbd_conf.o
START GROUP
LOAD d:/stm32cubeide_1.6.0/stm32cubeide/plugins/com.st.stm32cube.ide.mcu.externaltools.gnu-tools-for-stm32.9-2020-q2-update.win32_1.5.0.202011040924/tools/bin/../lib/gcc/arm-none-eabi/9.3.1/../../../../arm-none-eabi/lib/thumb/v7-m/nofp\libc_nano.a
LOAD d:/stm32cubeide_1.6.0/stm32cubeide/plugins/com.st.stm32cube.ide.mcu.externaltools.gnu-tools-for-stm32.9-2020-q2-update.win32_1.5.0.202011040924/tools/bin/../lib/gcc/arm-none-eabi/9.3.1/../../../../arm-none-eabi/lib/thumb/v7-m/nofp\libm.a
END GROUP
START GROUP
LOAD d:/stm32cubeide_1.6.0/stm32cubeide/plugins/com.st.stm32cube.ide.mcu.externaltools.gnu-tools-for-stm32.9-2020-q2-update.win32_1.5.0.202011040924/tools/bin/../lib/gcc/arm-none-eabi/9.3.1/thumb/v7-m/nofp\libgcc.a
LOAD d:/stm32cubeide_1.6.0/stm32cubeide/plugins/com.st.stm32cube.ide.mcu.externaltools.gnu-tools-for-stm32.9-2020-q2-update.win32_1.5.0.202011040924/tools/bin/../lib/gcc/arm-none-eabi/9.3.1/../../../../arm-none-eabi/lib/thumb/v7-m/nofp\libc_nano.a
END GROUP
START GROUP
LOAD d:/stm32cubeide_1.6.0/stm32cubeide/plugins/com.st.stm32cube.ide.mcu.externaltools.gnu-tools-for-stm32.9-2020-q2-update.win32_1.5.0.202011040924/tools/bin/../lib/gcc/arm-none-eabi/9.3.1/thumb/v7-m/nofp\libgcc.a
LOAD d:/stm32cubeide_1.6.0/stm32cubeide/plugins/com.st.stm32cube.ide.mcu.externaltools.gnu-tools-for-stm32.9-2020-q2-update.win32_1.5.0.202011040924/tools/bin/../lib/gcc/arm-none-eabi/9.3.1/../../../../arm-none-eabi/lib/thumb/v7-m/nofp\libc_nano.a
LOAD d:/stm32cubeide_1.6.0/stm32cubeide/plugins/com.st.stm32cube.ide.mcu.externaltools.gnu-tools-for-stm32.9-2020-q2-update.win32_1.5.0.202011040924/tools/bin/../lib/gcc/arm-none-eabi/9.3.1/../../../../arm-none-eabi/lib/thumb/v7-m/nofp\libnosys.a
END GROUP
START GROUP
LOAD d:/stm32cubeide_1.6.0/stm32cubeide/plugins/com.st.stm32cube.ide.mcu.externaltools.gnu-tools-for-stm32.9-2020-q2-update.win32_1.5.0.202011040924/tools/bin/../lib/gcc/arm-none-eabi/9.3.1/thumb/v7-m/nofp\libgcc.a
LOAD d:/stm32cubeide_1.6.0/stm32cubeide/plugins/com.st.stm32cube.ide.mcu.externaltools.gnu-tools-for-stm32.9-2020-q2-update.win32_1.5.0.202011040924/tools/bin/../lib/gcc/arm-none-eabi/9.3.1/../../../../arm-none-eabi/lib/thumb/v7-m/nofp\libc_nano.a
LOAD d:/stm32cubeide_1.6.0/stm32cubeide/plugins/com.st.stm32cube.ide.mcu.externaltools.gnu-tools-for-stm32.9-2020-q2-update.win32_1.5.0.202011040924/tools/bin/../lib/gcc/arm-none-eabi/9.3.1/../../../../arm-none-eabi/lib/thumb/v7-m/nofp\libnosys.a
END GROUP
LOAD d:/stm32cubeide_1.6.0/stm32cubeide/plugins/com.st.stm32cube.ide.mcu.externaltools.gnu-tools-for-stm32.9-2020-q2-update.win32_1.5.0.202011040924/tools/bin/../lib/gcc/arm-none-eabi/9.3.1/thumb/v7-m/nofp/crtend.o
LOAD d:/stm32cubeide_1.6.0/stm32cubeide/plugins/com.st.stm32cube.ide.mcu.externaltools.gnu-tools-for-stm32.9-2020-q2-update.win32_1.5.0.202011040924/tools/bin/../lib/gcc/arm-none-eabi/9.3.1/thumb/v7-m/nofp/crtn.o
                0x0000000020005000                _estack = (ORIGIN (RAM) + LENGTH (RAM))
                0x0000000000000200                _Min_Heap_Size = 0x200
                0x0000000000000400                _Min_Stack_Size = 0x400

.isr_vector     0x0000000008000000      0x10c
                0x0000000008000000                . = ALIGN (0x4)
 *(.isr_vector)
 .isr_vector    0x0000000008000000      0x10c Core/Startup/startup_stm32f103rbtx.o
                0x0000000008000000                g_pfnVectors
                0x000000000800010c                . = ALIGN (0x4)

.text           0x000000000800010c     0x90cc
                0x000000000800010c                . = ALIGN (0x4)
 *(.text)
 .text          0x000000000800010c       0x40 d:/stm32cubeide_1.6.0/stm32cubeide/plugins/com.st.stm32cube.ide.mcu.externaltools.gnu-tools-for-stm32.9-2020-q2-update.win32_1.5.0.202011040924/tools/bin/../lib/gcc/arm-none-eabi/9.3.1/thumb/v7-m/nofp/crtbegin.o
 .text          0x000000000800014c       0x10 d:/stm32cubeide_1.6.0/stm32cubeide/plugins/com.st.stm32cube.ide.mcu.externaltools.gnu-tools-for-stm32.9-2020-q2-update.win32_1.5.0.202011040924/tools/bin/../lib/gcc/arm-none-eabi/9.3.1/../../../../arm-none-eabi/lib/thumb/v7-m/nofp\libc_nano.a(lib_a-strlen.o)
                0x000000000800014c                strlen
 *(.text*)
 .text.HAL_CAN_RxFifo0MsgPendingCallback
                0x000000000800015c       0xac Core/Src/main.o
                0x000000000800015c                HAL_CAN_RxFifo0MsgPendingCallback
 .text.HAL_CAN_ErrorCallback
                0x0000000008000208       0x44 Core/Src/main.o
                0x0000000008000208                HAL_CAN_ErrorCallback
 .text.main     0x000000000800024c      0x120 Core/Src/main.o
                0x000000000800024c                main
 .text.SystemClock_Config
                0x000000000800036c       0xb4 Core/Src/main.o
                0x000000000800036c                SystemClock_Config
 .text.MX_CAN_Init
                0x0000000008000420       0xac Core/Src/main.o
 .text.MX_USART1_UART_Init
                0x00000000080004cc       0x54 Core/Src/main.o
 .text.MX_GPIO_Init
                0x0000000008000520       0xac Core/Src/main.o
 .text.Error_Handler
                0x00000000080005cc        0xa Core/Src/main.o
                0x00000000080005cc                Error_Handler
 *fill*         0x00000000080005d6        0x2 
 .text.HAL_MspInit
                0x00000000080005d8       0x64 Core/Src/stm32f1xx_hal_msp.o
                0x00000000080005d8                HAL_MspInit
 .text.HAL_CAN_MspInit
                0x000000000800063c       0xd0 Core/Src/stm32f1xx_hal_msp.o
                0x000000000800063c                HAL_CAN_MspInit
 .text.HAL_UART_MspInit
                0x000000000800070c       0x98 Core/Src/stm32f1xx_hal_msp.o
                0x000000000800070c                HAL_UART_MspInit
 .text.NMI_Handler
                0x00000000080007a4        0x6 Core/Src/stm32f1xx_it.o
                0x00000000080007a4                NMI_Handler
 .text.HardFault_Handler
                0x00000000080007aa        0x6 Core/Src/stm32f1xx_it.o
                0x00000000080007aa                HardFault_Handler
 .text.MemManage_Handler
                0x00000000080007b0        0x6 Core/Src/stm32f1xx_it.o
                0x00000000080007b0                MemManage_Handler
 .text.BusFault_Handler
                0x00000000080007b6        0x6 Core/Src/stm32f1xx_it.o
                0x00000000080007b6                BusFault_Handler
 .text.UsageFault_Handler
                0x00000000080007bc        0x6 Core/Src/stm32f1xx_it.o
                0x00000000080007bc                UsageFault_Handler
 .text.SVC_Handler
                0x00000000080007c2        0xc Core/Src/stm32f1xx_it.o
                0x00000000080007c2                SVC_Handler
 .text.DebugMon_Handler
                0x00000000080007ce        0xc Core/Src/stm32f1xx_it.o
                0x00000000080007ce                DebugMon_Handler
 .text.PendSV_Handler
                0x00000000080007da        0xc Core/Src/stm32f1xx_it.o
                0x00000000080007da                PendSV_Handler
 .text.SysTick_Handler
                0x00000000080007e6        0xc Core/Src/stm32f1xx_it.o
                0x00000000080007e6                SysTick_Handler
 *fill*         0x00000000080007f2        0x2 
 .text.USB_LP_CAN1_RX0_IRQHandler
                0x00000000080007f4       0x1c Core/Src/stm32f1xx_it.o
                0x00000000080007f4                USB_LP_CAN1_RX0_IRQHandler
 .text._sbrk    0x0000000008000810       0x6c Core/Src/sysmem.o
                0x0000000008000810                _sbrk
 .text.SystemInit
                0x000000000800087c        0xc Core/Src/system_stm32f1xx.o
                0x000000000800087c                SystemInit
 .text.Reset_Handler
                0x0000000008000888       0x48 Core/Startup/startup_stm32f103rbtx.o
                0x0000000008000888                Reset_Handler
 .text.Default_Handler
                0x00000000080008d0        0x2 Core/Startup/startup_stm32f103rbtx.o
                0x00000000080008d0                RTC_Alarm_IRQHandler
                0x00000000080008d0                EXTI2_IRQHandler
                0x00000000080008d0                TIM1_CC_IRQHandler
                0x00000000080008d0                PVD_IRQHandler
                0x00000000080008d0                EXTI3_IRQHandler
                0x00000000080008d0                EXTI0_IRQHandler
                0x00000000080008d0                I2C2_EV_IRQHandler
                0x00000000080008d0                ADC1_2_IRQHandler
                0x00000000080008d0                SPI1_IRQHandler
                0x00000000080008d0                TAMPER_IRQHandler
                0x00000000080008d0                DMA1_Channel4_IRQHandler
                0x00000000080008d0                USART3_IRQHandler
                0x00000000080008d0                RTC_IRQHandler
                0x00000000080008d0                DMA1_Channel7_IRQHandler
                0x00000000080008d0                CAN1_RX1_IRQHandler
                0x00000000080008d0                TIM4_IRQHandler
                0x00000000080008d0                I2C1_EV_IRQHandler
                0x00000000080008d0                DMA1_Channel6_IRQHandler
                0x00000000080008d0                TIM3_IRQHandler
                0x00000000080008d0                RCC_IRQHandler
                0x00000000080008d0                TIM1_TRG_COM_IRQHandler
                0x00000000080008d0                DMA1_Channel1_IRQHandler
                0x00000000080008d0                Default_Handler
                0x00000000080008d0                EXTI15_10_IRQHandler
                0x00000000080008d0                EXTI9_5_IRQHandler
                0x00000000080008d0                SPI2_IRQHandler
                0x00000000080008d0                DMA1_Channel5_IRQHandler
                0x00000000080008d0                EXTI4_IRQHandler
                0x00000000080008d0                USB_HP_CAN1_TX_IRQHandler
                0x00000000080008d0                DMA1_Channel3_IRQHandler
                0x00000000080008d0                TIM1_UP_IRQHandler
                0x00000000080008d0                WWDG_IRQHandler
                0x00000000080008d0                TIM2_IRQHandler
                0x00000000080008d0                TIM1_BRK_IRQHandler
                0x00000000080008d0                EXTI1_IRQHandler
                0x00000000080008d0                USART2_IRQHandler
                0x00000000080008d0                I2C2_ER_IRQHandler
                0x00000000080008d0                DMA1_Channel2_IRQHandler
                0x00000000080008d0                CAN1_SCE_IRQHandler
                0x00000000080008d0                FLASH_IRQHandler
                0x00000000080008d0                USART1_IRQHandler
                0x00000000080008d0                I2C1_ER_IRQHandler
                0x00000000080008d0                USBWakeUp_IRQHandler
 *fill*         0x00000000080008d2        0x2 
 .text.HAL_Init
                0x00000000080008d4       0x2c Drivers/STM32F1xx_HAL_Driver/Src/stm32f1xx_hal.o
                0x00000000080008d4                HAL_Init
 .text.HAL_InitTick
                0x0000000008000900       0x60 Drivers/STM32F1xx_HAL_Driver/Src/stm32f1xx_hal.o
                0x0000000008000900                HAL_InitTick
 .text.HAL_IncTick
                0x0000000008000960       0x24 Drivers/STM32F1xx_HAL_Driver/Src/stm32f1xx_hal.o
                0x0000000008000960                HAL_IncTick
 .text.HAL_GetTick
                0x0000000008000984       0x14 Drivers/STM32F1xx_HAL_Driver/Src/stm32f1xx_hal.o
                0x0000000008000984                HAL_GetTick
 .text.HAL_Delay
                0x0000000008000998       0x48 Drivers/STM32F1xx_HAL_Driver/Src/stm32f1xx_hal.o
                0x0000000008000998                HAL_Delay
 .text.HAL_CAN_Init
                0x00000000080009e0      0x1f6 Drivers/STM32F1xx_HAL_Driver/Src/stm32f1xx_hal_can.o
                0x00000000080009e0                HAL_CAN_Init
 .text.HAL_CAN_ConfigFilter
                0x0000000008000bd6      0x192 Drivers/STM32F1xx_HAL_Driver/Src/stm32f1xx_hal_can.o
                0x0000000008000bd6                HAL_CAN_ConfigFilter
 .text.HAL_CAN_Start
                0x0000000008000d68       0x88 Drivers/STM32F1xx_HAL_Driver/Src/stm32f1xx_hal_can.o
                0x0000000008000d68                HAL_CAN_Start
 .text.HAL_CAN_AddTxMessage
                0x0000000008000df0      0x1b4 Drivers/STM32F1xx_HAL_Driver/Src/stm32f1xx_hal_can.o
                0x0000000008000df0                HAL_CAN_AddTxMessage
 .text.HAL_CAN_GetTxMailboxesFreeLevel
                0x0000000008000fa4       0x68 Drivers/STM32F1xx_HAL_Driver/Src/stm32f1xx_hal_can.o
                0x0000000008000fa4                HAL_CAN_GetTxMailboxesFreeLevel
 .text.HAL_CAN_GetRxMessage
                0x000000000800100c      0x222 Drivers/STM32F1xx_HAL_Driver/Src/stm32f1xx_hal_can.o
                0x000000000800100c                HAL_CAN_GetRxMessage
 .text.HAL_CAN_ActivateNotification
                0x000000000800122e       0x4a Drivers/STM32F1xx_HAL_Driver/Src/stm32f1xx_hal_can.o
                0x000000000800122e                HAL_CAN_ActivateNotification
 .text.HAL_CAN_IRQHandler
                0x0000000008001278      0x36e Drivers/STM32F1xx_HAL_Driver/Src/stm32f1xx_hal_can.o
                0x0000000008001278                HAL_CAN_IRQHandler
 .text.HAL_CAN_TxMailbox0CompleteCallback
                0x00000000080015e6       0x12 Drivers/STM32F1xx_HAL_Driver/Src/stm32f1xx_hal_can.o
                0x00000000080015e6                HAL_CAN_TxMailbox0CompleteCallback
 .text.HAL_CAN_TxMailbox1CompleteCallback
                0x00000000080015f8       0x12 Drivers/STM32F1xx_HAL_Driver/Src/stm32f1xx_hal_can.o
                0x00000000080015f8                HAL_CAN_TxMailbox1CompleteCallback
 .text.HAL_CAN_TxMailbox2CompleteCallback
                0x000000000800160a       0x12 Drivers/STM32F1xx_HAL_Driver/Src/stm32f1xx_hal_can.o
                0x000000000800160a                HAL_CAN_TxMailbox2CompleteCallback
 .text.HAL_CAN_TxMailbox0AbortCallback
                0x000000000800161c       0x12 Drivers/STM32F1xx_HAL_Driver/Src/stm32f1xx_hal_can.o
                0x000000000800161c                HAL_CAN_TxMailbox0AbortCallback
 .text.HAL_CAN_TxMailbox1AbortCallback
                0x000000000800162e       0x12 Drivers/STM32F1xx_HAL_Driver/Src/stm32f1xx_hal_can.o
                0x000000000800162e                HAL_CAN_TxMailbox1AbortCallback
 .text.HAL_CAN_TxMailbox2AbortCallback
                0x0000000008001640       0x12 Drivers/STM32F1xx_HAL_Driver/Src/stm32f1xx_hal_can.o
                0x0000000008001640                HAL_CAN_TxMailbox2AbortCallback
 .text.HAL_CAN_RxFifo0FullCallback
                0x0000000008001652       0x12 Drivers/STM32F1xx_HAL_Driver/Src/stm32f1xx_hal_can.o
                0x0000000008001652                HAL_CAN_RxFifo0FullCallback
 .text.HAL_CAN_RxFifo1MsgPendingCallback
                0x0000000008001664       0x12 Drivers/STM32F1xx_HAL_Driver/Src/stm32f1xx_hal_can.o
                0x0000000008001664                HAL_CAN_RxFifo1MsgPendingCallback
 .text.HAL_CAN_RxFifo1FullCallback
                0x0000000008001676       0x12 Drivers/STM32F1xx_HAL_Driver/Src/stm32f1xx_hal_can.o
                0x0000000008001676                HAL_CAN_RxFifo1FullCallback
 .text.HAL_CAN_SleepCallback
                0x0000000008001688       0x12 Drivers/STM32F1xx_HAL_Driver/Src/stm32f1xx_hal_can.o
                0x0000000008001688                HAL_CAN_SleepCallback
 .text.HAL_CAN_WakeUpFromRxMsgCallback
                0x000000000800169a       0x12 Drivers/STM32F1xx_HAL_Driver/Src/stm32f1xx_hal_can.o
                0x000000000800169a                HAL_CAN_WakeUpFromRxMsgCallback
 .text.HAL_CAN_GetError
                0x00000000080016ac       0x16 Drivers/STM32F1xx_HAL_Driver/Src/stm32f1xx_hal_can.o
                0x00000000080016ac                HAL_CAN_GetError
 *fill*         0x00000000080016c2        0x2 
 .text.__NVIC_SetPriorityGrouping
                0x00000000080016c4       0x48 Drivers/STM32F1xx_HAL_Driver/Src/stm32f1xx_hal_cortex.o
 .text.__NVIC_GetPriorityGrouping
                0x000000000800170c       0x1c Drivers/STM32F1xx_HAL_Driver/Src/stm32f1xx_hal_cortex.o
 .text.__NVIC_EnableIRQ
                0x0000000008001728       0x38 Drivers/STM32F1xx_HAL_Driver/Src/stm32f1xx_hal_cortex.o
 .text.__NVIC_SetPriority
                0x0000000008001760       0x54 Drivers/STM32F1xx_HAL_Driver/Src/stm32f1xx_hal_cortex.o
 .text.NVIC_EncodePriority
                0x00000000080017b4       0x64 Drivers/STM32F1xx_HAL_Driver/Src/stm32f1xx_hal_cortex.o
 .text.SysTick_Config
                0x0000000008001818       0x44 Drivers/STM32F1xx_HAL_Driver/Src/stm32f1xx_hal_cortex.o
 .text.HAL_NVIC_SetPriorityGrouping
                0x000000000800185c       0x16 Drivers/STM32F1xx_HAL_Driver/Src/stm32f1xx_hal_cortex.o
                0x000000000800185c                HAL_NVIC_SetPriorityGrouping
 .text.HAL_NVIC_SetPriority
                0x0000000008001872       0x38 Drivers/STM32F1xx_HAL_Driver/Src/stm32f1xx_hal_cortex.o
                0x0000000008001872                HAL_NVIC_SetPriority
 .text.HAL_NVIC_EnableIRQ
                0x00000000080018aa       0x1c Drivers/STM32F1xx_HAL_Driver/Src/stm32f1xx_hal_cortex.o
                0x00000000080018aa                HAL_NVIC_EnableIRQ
 .text.HAL_SYSTICK_Config
                0x00000000080018c6       0x18 Drivers/STM32F1xx_HAL_Driver/Src/stm32f1xx_hal_cortex.o
                0x00000000080018c6                HAL_SYSTICK_Config
 *fill*         0x00000000080018de        0x2 
 .text.HAL_GPIO_Init
                0x00000000080018e0      0x308 Drivers/STM32F1xx_HAL_Driver/Src/stm32f1xx_hal_gpio.o
                0x00000000080018e0                HAL_GPIO_Init
 .text.HAL_GPIO_WritePin
                0x0000000008001be8       0x30 Drivers/STM32F1xx_HAL_Driver/Src/stm32f1xx_hal_gpio.o
                0x0000000008001be8                HAL_GPIO_WritePin
 .text.HAL_GPIO_TogglePin
                0x0000000008001c18       0x32 Drivers/STM32F1xx_HAL_Driver/Src/stm32f1xx_hal_gpio.o
                0x0000000008001c18                HAL_GPIO_TogglePin
 .text.HAL_PCD_Init
                0x0000000008001c4a      0x216 Drivers/STM32F1xx_HAL_Driver/Src/stm32f1xx_hal_pcd.o
                0x0000000008001c4a                HAL_PCD_Init
 .text.HAL_PCD_Start
                0x0000000008001e60       0x4c Drivers/STM32F1xx_HAL_Driver/Src/stm32f1xx_hal_pcd.o
                0x0000000008001e60                HAL_PCD_Start
 .text.HAL_PCD_IRQHandler
                0x0000000008001eac      0x2aa Drivers/STM32F1xx_HAL_Driver/Src/stm32f1xx_hal_pcd.o
                0x0000000008001eac                HAL_PCD_IRQHandler
 .text.HAL_PCD_SetAddress
                0x0000000008002156       0x4a Drivers/STM32F1xx_HAL_Driver/Src/stm32f1xx_hal_pcd.o
                0x0000000008002156                HAL_PCD_SetAddress
 .text.HAL_PCD_EP_Open
                0x00000000080021a0       0xcc Drivers/STM32F1xx_HAL_Driver/Src/stm32f1xx_hal_pcd.o
                0x00000000080021a0                HAL_PCD_EP_Open
 .text.HAL_PCD_EP_Close
                0x000000000800226c       0x90 Drivers/STM32F1xx_HAL_Driver/Src/stm32f1xx_hal_pcd.o
                0x000000000800226c                HAL_PCD_EP_Close
 .text.HAL_PCD_EP_Receive
                0x00000000080022fc       0x7a Drivers/STM32F1xx_HAL_Driver/Src/stm32f1xx_hal_pcd.o
                0x00000000080022fc                HAL_PCD_EP_Receive
 .text.HAL_PCD_EP_GetRxCount
                0x0000000008002376       0x2e Drivers/STM32F1xx_HAL_Driver/Src/stm32f1xx_hal_pcd.o
                0x0000000008002376                HAL_PCD_EP_GetRxCount
 .text.HAL_PCD_EP_Transmit
                0x00000000080023a4       0x86 Drivers/STM32F1xx_HAL_Driver/Src/stm32f1xx_hal_pcd.o
                0x00000000080023a4                HAL_PCD_EP_Transmit
 .text.HAL_PCD_EP_SetStall
                0x000000000800242a       0xc0 Drivers/STM32F1xx_HAL_Driver/Src/stm32f1xx_hal_pcd.o
                0x000000000800242a                HAL_PCD_EP_SetStall
 .text.HAL_PCD_EP_ClrStall
                0x00000000080024ea       0xa8 Drivers/STM32F1xx_HAL_Driver/Src/stm32f1xx_hal_pcd.o
                0x00000000080024ea                HAL_PCD_EP_ClrStall
 .text.PCD_EP_ISR_Handler
                0x0000000008002592      0x600 Drivers/STM32F1xx_HAL_Driver/Src/stm32f1xx_hal_pcd.o
 .text.HAL_PCD_EP_DB_Receive
                0x0000000008002b92      0x21a Drivers/STM32F1xx_HAL_Driver/Src/stm32f1xx_hal_pcd.o
 .text.HAL_PCD_EP_DB_Transmit
                0x0000000008002dac      0x7a4 Drivers/STM32F1xx_HAL_Driver/Src/stm32f1xx_hal_pcd.o
 .text.HAL_PCDEx_PMAConfig
                0x0000000008003550       0x84 Drivers/STM32F1xx_HAL_Driver/Src/stm32f1xx_hal_pcd_ex.o
                0x0000000008003550                HAL_PCDEx_PMAConfig
 .text.HAL_RCC_OscConfig
                0x00000000080035d4      0x500 Drivers/STM32F1xx_HAL_Driver/Src/stm32f1xx_hal_rcc.o
                0x00000000080035d4                HAL_RCC_OscConfig
 .text.HAL_RCC_ClockConfig
                0x0000000008003ad4      0x1d4 Drivers/STM32F1xx_HAL_Driver/Src/stm32f1xx_hal_rcc.o
                0x0000000008003ad4                HAL_RCC_ClockConfig
 .text.HAL_RCC_GetSysClockFreq
                0x0000000008003ca8       0xc0 Drivers/STM32F1xx_HAL_Driver/Src/stm32f1xx_hal_rcc.o
                0x0000000008003ca8                HAL_RCC_GetSysClockFreq
 .text.HAL_RCC_GetHCLKFreq
                0x0000000008003d68       0x14 Drivers/STM32F1xx_HAL_Driver/Src/stm32f1xx_hal_rcc.o
                0x0000000008003d68                HAL_RCC_GetHCLKFreq
 .text.HAL_RCC_GetPCLK1Freq
                0x0000000008003d7c       0x28 Drivers/STM32F1xx_HAL_Driver/Src/stm32f1xx_hal_rcc.o
                0x0000000008003d7c                HAL_RCC_GetPCLK1Freq
 .text.HAL_RCC_GetPCLK2Freq
                0x0000000008003da4       0x28 Drivers/STM32F1xx_HAL_Driver/Src/stm32f1xx_hal_rcc.o
                0x0000000008003da4                HAL_RCC_GetPCLK2Freq
 .text.RCC_Delay
                0x0000000008003dcc       0x3c Drivers/STM32F1xx_HAL_Driver/Src/stm32f1xx_hal_rcc.o
 .text.HAL_RCCEx_PeriphCLKConfig
                0x0000000008003e08      0x16c Drivers/STM32F1xx_HAL_Driver/Src/stm32f1xx_hal_rcc_ex.o
                0x0000000008003e08                HAL_RCCEx_PeriphCLKConfig
 .text.HAL_UART_Init
                0x0000000008003f74       0x9a Drivers/STM32F1xx_HAL_Driver/Src/stm32f1xx_hal_uart.o
                0x0000000008003f74                HAL_UART_Init
 .text.HAL_UART_Transmit
                0x000000000800400e      0x124 Drivers/STM32F1xx_HAL_Driver/Src/stm32f1xx_hal_uart.o
                0x000000000800400e                HAL_UART_Transmit
 .text.UART_WaitOnFlagUntilTimeout
                0x0000000008004132       0x94 Drivers/STM32F1xx_HAL_Driver/Src/stm32f1xx_hal_uart.o
 *fill*         0x00000000080041c6        0x2 
 .text.UART_SetConfig
                0x00000000080041c8      0x11c Drivers/STM32F1xx_HAL_Driver/Src/stm32f1xx_hal_uart.o
 .text.USB_CoreInit
                0x00000000080042e4       0x20 Drivers/STM32F1xx_HAL_Driver/Src/stm32f1xx_ll_usb.o
                0x00000000080042e4                USB_CoreInit
 .text.USB_EnableGlobalInt
                0x0000000008004304       0x2c Drivers/STM32F1xx_HAL_Driver/Src/stm32f1xx_ll_usb.o
                0x0000000008004304                USB_EnableGlobalInt
 .text.USB_DisableGlobalInt
                0x0000000008004330       0x34 Drivers/STM32F1xx_HAL_Driver/Src/stm32f1xx_ll_usb.o
                0x0000000008004330                USB_DisableGlobalInt
 .text.USB_SetCurrentMode
                0x0000000008004364       0x18 Drivers/STM32F1xx_HAL_Driver/Src/stm32f1xx_ll_usb.o
                0x0000000008004364                USB_SetCurrentMode
 .text.USB_DevInit
                0x000000000800437c       0x40 Drivers/STM32F1xx_HAL_Driver/Src/stm32f1xx_ll_usb.o
                0x000000000800437c                USB_DevInit
 .text.USB_ActivateEndpoint
                0x00000000080043bc      0x6d4 Drivers/STM32F1xx_HAL_Driver/Src/stm32f1xx_ll_usb.o
                0x00000000080043bc                USB_ActivateEndpoint
 .text.USB_DeactivateEndpoint
                0x0000000008004a90      0x3d8 Drivers/STM32F1xx_HAL_Driver/Src/stm32f1xx_ll_usb.o
                0x0000000008004a90                USB_DeactivateEndpoint
 .text.USB_EPStartXfer
                0x0000000008004e68     0x15ee Drivers/STM32F1xx_HAL_Driver/Src/stm32f1xx_ll_usb.o
                0x0000000008004e68                USB_EPStartXfer
 .text.USB_EPSetStall
                0x0000000008006456       0xa0 Drivers/STM32F1xx_HAL_Driver/Src/stm32f1xx_ll_usb.o
                0x0000000008006456                USB_EPSetStall
 .text.USB_EPClearStall
                0x00000000080064f6      0x15a Drivers/STM32F1xx_HAL_Driver/Src/stm32f1xx_ll_usb.o
                0x00000000080064f6                USB_EPClearStall
 .text.USB_SetDevAddress
                0x0000000008006650       0x26 Drivers/STM32F1xx_HAL_Driver/Src/stm32f1xx_ll_usb.o
                0x0000000008006650                USB_SetDevAddress
 .text.USB_DevConnect
                0x0000000008006676       0x14 Drivers/STM32F1xx_HAL_Driver/Src/stm32f1xx_ll_usb.o
                0x0000000008006676                USB_DevConnect
 .text.USB_DevDisconnect
                0x000000000800668a       0x14 Drivers/STM32F1xx_HAL_Driver/Src/stm32f1xx_ll_usb.o
                0x000000000800668a                USB_DevDisconnect
 .text.USB_ReadInterrupts
                0x000000000800669e       0x1e Drivers/STM32F1xx_HAL_Driver/Src/stm32f1xx_ll_usb.o
                0x000000000800669e                USB_ReadInterrupts
 .text.USB_EP0_OutStart
                0x00000000080066bc       0x16 Drivers/STM32F1xx_HAL_Driver/Src/stm32f1xx_ll_usb.o
                0x00000000080066bc                USB_EP0_OutStart
 .text.USB_WritePMA
                0x00000000080066d2       0x8a Drivers/STM32F1xx_HAL_Driver/Src/stm32f1xx_ll_usb.o
                0x00000000080066d2                USB_WritePMA
 .text.USB_ReadPMA
                0x000000000800675c       0x9e Drivers/STM32F1xx_HAL_Driver/Src/stm32f1xx_ll_usb.o
                0x000000000800675c                USB_ReadPMA
 .text.USBD_CDC_Init
                0x00000000080067fa       0xf4 Middlewares/ST/STM32_USB_Device_Library/Class/CDC/Src/usbd_cdc.o
 .text.USBD_CDC_DeInit
                0x00000000080068ee       0x6e Middlewares/ST/STM32_USB_Device_Library/Class/CDC/Src/usbd_cdc.o
 .text.USBD_CDC_Setup
                0x000000000800695c      0x146 Middlewares/ST/STM32_USB_Device_Library/Class/CDC/Src/usbd_cdc.o
 .text.USBD_CDC_DataIn
                0x0000000008006aa2       0xa6 Middlewares/ST/STM32_USB_Device_Library/Class/CDC/Src/usbd_cdc.o
 .text.USBD_CDC_DataOut
                0x0000000008006b48       0x56 Middlewares/ST/STM32_USB_Device_Library/Class/CDC/Src/usbd_cdc.o
 .text.USBD_CDC_EP0_RxReady
                0x0000000008006b9e       0x50 Middlewares/ST/STM32_USB_Device_Library/Class/CDC/Src/usbd_cdc.o
 *fill*         0x0000000008006bee        0x2 
 .text.USBD_CDC_GetFSCfgDesc
                0x0000000008006bf0       0x20 Middlewares/ST/STM32_USB_Device_Library/Class/CDC/Src/usbd_cdc.o
 .text.USBD_CDC_GetHSCfgDesc
                0x0000000008006c10       0x20 Middlewares/ST/STM32_USB_Device_Library/Class/CDC/Src/usbd_cdc.o
 .text.USBD_CDC_GetOtherSpeedCfgDesc
                0x0000000008006c30       0x20 Middlewares/ST/STM32_USB_Device_Library/Class/CDC/Src/usbd_cdc.o
 .text.USBD_CDC_GetDeviceQualifierDescriptor
                0x0000000008006c50       0x20 Middlewares/ST/STM32_USB_Device_Library/Class/CDC/Src/usbd_cdc.o
                0x0000000008006c50                USBD_CDC_GetDeviceQualifierDescriptor
 .text.USBD_CDC_RegisterInterface
                0x0000000008006c70       0x2c Middlewares/ST/STM32_USB_Device_Library/Class/CDC/Src/usbd_cdc.o
                0x0000000008006c70                USBD_CDC_RegisterInterface
 .text.USBD_CDC_SetTxBuffer
                0x0000000008006c9c       0x32 Middlewares/ST/STM32_USB_Device_Library/Class/CDC/Src/usbd_cdc.o
                0x0000000008006c9c                USBD_CDC_SetTxBuffer
 .text.USBD_CDC_SetRxBuffer
                0x0000000008006cce       0x26 Middlewares/ST/STM32_USB_Device_Library/Class/CDC/Src/usbd_cdc.o
                0x0000000008006cce                USBD_CDC_SetRxBuffer
 .text.USBD_CDC_TransmitPacket
                0x0000000008006cf4       0x5e Middlewares/ST/STM32_USB_Device_Library/Class/CDC/Src/usbd_cdc.o
                0x0000000008006cf4                USBD_CDC_TransmitPacket
 .text.USBD_CDC_ReceivePacket
                0x0000000008006d52       0x54 Middlewares/ST/STM32_USB_Device_Library/Class/CDC/Src/usbd_cdc.o
                0x0000000008006d52                USBD_CDC_ReceivePacket
 .text.USBD_Init
                0x0000000008006da6       0x56 Middlewares/ST/STM32_USB_Device_Library/Core/Src/usbd_core.o
                0x0000000008006da6                USBD_Init
 .text.USBD_RegisterClass
                0x0000000008006dfc       0x32 Middlewares/ST/STM32_USB_Device_Library/Core/Src/usbd_core.o
                0x0000000008006dfc                USBD_RegisterClass
 .text.USBD_Start
                0x0000000008006e2e       0x18 Middlewares/ST/STM32_USB_Device_Library/Core/Src/usbd_core.o
                0x0000000008006e2e                USBD_Start
 .text.USBD_RunTestMode
                0x0000000008006e46       0x14 Middlewares/ST/STM32_USB_Device_Library/Core/Src/usbd_core.o
                0x0000000008006e46                USBD_RunTestMode
 .text.USBD_SetClassConfig
                0x0000000008006e5a       0x3e Middlewares/ST/STM32_USB_Device_Library/Core/Src/usbd_core.o
                0x0000000008006e5a                USBD_SetClassConfig
 .text.USBD_ClrClassConfig
                0x0000000008006e98       0x26 Middlewares/ST/STM32_USB_Device_Library/Core/Src/usbd_core.o
                0x0000000008006e98                USBD_ClrClassConfig
 .text.USBD_LL_SetupStage
                0x0000000008006ebe       0x9a Middlewares/ST/STM32_USB_Device_Library/Core/Src/usbd_core.o
                0x0000000008006ebe                USBD_LL_SetupStage
 .text.USBD_LL_DataOutStage
                0x0000000008006f58       0xe2 Middlewares/ST/STM32_USB_Device_Library/Core/Src/usbd_core.o
                0x0000000008006f58                USBD_LL_DataOutStage
 .text.USBD_LL_DataInStage
                0x000000000800703a      0x14a Middlewares/ST/STM32_USB_Device_Library/Core/Src/usbd_core.o
                0x000000000800703a                USBD_LL_DataInStage
 .text.USBD_LL_Reset
                0x0000000008007184       0x82 Middlewares/ST/STM32_USB_Device_Library/Core/Src/usbd_core.o
                0x0000000008007184                USBD_LL_Reset
 .text.USBD_LL_SetSpeed
                0x0000000008007206       0x1e Middlewares/ST/STM32_USB_Device_Library/Core/Src/usbd_core.o
                0x0000000008007206                USBD_LL_SetSpeed
 .text.USBD_LL_Suspend
                0x0000000008007224       0x28 Middlewares/ST/STM32_USB_Device_Library/Core/Src/usbd_core.o
                0x0000000008007224                USBD_LL_Suspend
 .text.USBD_LL_Resume
                0x000000000800724c       0x2a Middlewares/ST/STM32_USB_Device_Library/Core/Src/usbd_core.o
                0x000000000800724c                USBD_LL_Resume
 .text.USBD_LL_SOF
                0x0000000008007276       0x34 Middlewares/ST/STM32_USB_Device_Library/Core/Src/usbd_core.o
                0x0000000008007276                USBD_LL_SOF
 *fill*         0x00000000080072aa        0x2 
 .text.USBD_StdDevReq
                0x00000000080072ac       0xd4 Middlewares/ST/STM32_USB_Device_Library/Core/Src/usbd_ctlreq.o
                0x00000000080072ac                USBD_StdDevReq
 .text.USBD_StdItfReq
                0x0000000008007380       0x90 Middlewares/ST/STM32_USB_Device_Library/Core/Src/usbd_ctlreq.o
                0x0000000008007380                USBD_StdItfReq
 .text.USBD_StdEPReq
                0x0000000008007410      0x2c6 Middlewares/ST/STM32_USB_Device_Library/Core/Src/usbd_ctlreq.o
                0x0000000008007410                USBD_StdEPReq
 *fill*         0x00000000080076d6        0x2 
 .text.USBD_GetDescriptor
                0x00000000080076d8      0x2d0 Middlewares/ST/STM32_USB_Device_Library/Core/Src/usbd_ctlreq.o
 .text.USBD_SetAddress
                0x00000000080079a8       0x86 Middlewares/ST/STM32_USB_Device_Library/Core/Src/usbd_ctlreq.o
 *fill*         0x0000000008007a2e        0x2 
 .text.USBD_SetConfig
                0x0000000008007a30      0x11c Middlewares/ST/STM32_USB_Device_Library/Core/Src/usbd_ctlreq.o
 .text.USBD_GetConfig
                0x0000000008007b4c       0x6a Middlewares/ST/STM32_USB_Device_Library/Core/Src/usbd_ctlreq.o
 .text.USBD_GetStatus
                0x0000000008007bb6       0x66 Middlewares/ST/STM32_USB_Device_Library/Core/Src/usbd_ctlreq.o
 .text.USBD_SetFeature
                0x0000000008007c1c       0x28 Middlewares/ST/STM32_USB_Device_Library/Core/Src/usbd_ctlreq.o
 .text.USBD_ClrFeature
                0x0000000008007c44       0x42 Middlewares/ST/STM32_USB_Device_Library/Core/Src/usbd_ctlreq.o
 .text.USBD_ParseSetupRequest
                0x0000000008007c86       0x78 Middlewares/ST/STM32_USB_Device_Library/Core/Src/usbd_ctlreq.o
                0x0000000008007c86                USBD_ParseSetupRequest
 .text.USBD_CtlError
                0x0000000008007cfe       0x22 Middlewares/ST/STM32_USB_Device_Library/Core/Src/usbd_ctlreq.o
                0x0000000008007cfe                USBD_CtlError
 .text.USBD_GetString
                0x0000000008007d20       0x84 Middlewares/ST/STM32_USB_Device_Library/Core/Src/usbd_ctlreq.o
                0x0000000008007d20                USBD_GetString
 .text.USBD_GetLen
                0x0000000008007da4       0x2e Middlewares/ST/STM32_USB_Device_Library/Core/Src/usbd_ctlreq.o
 .text.USBD_CtlSendData
                0x0000000008007dd2       0x38 Middlewares/ST/STM32_USB_Device_Library/Core/Src/usbd_ioreq.o
                0x0000000008007dd2                USBD_CtlSendData
 .text.USBD_CtlContinueSendData
                0x0000000008007e0a       0x24 Middlewares/ST/STM32_USB_Device_Library/Core/Src/usbd_ioreq.o
                0x0000000008007e0a                USBD_CtlContinueSendData
 .text.USBD_CtlPrepareRx
                0x0000000008007e2e       0x3c Middlewares/ST/STM32_USB_Device_Library/Core/Src/usbd_ioreq.o
                0x0000000008007e2e                USBD_CtlPrepareRx
 .text.USBD_CtlContinueRx
                0x0000000008007e6a       0x24 Middlewares/ST/STM32_USB_Device_Library/Core/Src/usbd_ioreq.o
                0x0000000008007e6a                USBD_CtlContinueRx
 .text.USBD_CtlSendStatus
                0x0000000008007e8e       0x26 Middlewares/ST/STM32_USB_Device_Library/Core/Src/usbd_ioreq.o
                0x0000000008007e8e                USBD_CtlSendStatus
 .text.USBD_CtlReceiveStatus
                0x0000000008007eb4       0x26 Middlewares/ST/STM32_USB_Device_Library/Core/Src/usbd_ioreq.o
                0x0000000008007eb4                USBD_CtlReceiveStatus
 *fill*         0x0000000008007eda        0x2 
 .text.MX_USB_DEVICE_Init
                0x0000000008007edc       0x60 USB_DEVICE/App/usb_device.o
                0x0000000008007edc                MX_USB_DEVICE_Init
 .text.CDC_Init_FS
                0x0000000008007f3c       0x28 USB_DEVICE/App/usbd_cdc_if.o
 .text.CDC_DeInit_FS
                0x0000000008007f64        0xe USB_DEVICE/App/usbd_cdc_if.o
 *fill*         0x0000000008007f72        0x2 
 .text.CDC_Control_FS
                0x0000000008007f74       0xbc USB_DEVICE/App/usbd_cdc_if.o
 .text.CDC_Receive_FS
                0x0000000008008030       0x94 USB_DEVICE/App/usbd_cdc_if.o
 .text.CDC_Transmit_FS
                0x00000000080080c4       0x4c USB_DEVICE/App/usbd_cdc_if.o
                0x00000000080080c4                CDC_Transmit_FS
 .text.USBD_FS_DeviceDescriptor
                0x0000000008008110       0x24 USB_DEVICE/App/usbd_desc.o
                0x0000000008008110                USBD_FS_DeviceDescriptor
 .text.USBD_FS_LangIDStrDescriptor
                0x0000000008008134       0x24 USB_DEVICE/App/usbd_desc.o
                0x0000000008008134                USBD_FS_LangIDStrDescriptor
 .text.USBD_FS_ProductStrDescriptor
                0x0000000008008158       0x3c USB_DEVICE/App/usbd_desc.o
                0x0000000008008158                USBD_FS_ProductStrDescriptor
 .text.USBD_FS_ManufacturerStrDescriptor
                0x0000000008008194       0x28 USB_DEVICE/App/usbd_desc.o
                0x0000000008008194                USBD_FS_ManufacturerStrDescriptor
 .text.USBD_FS_SerialStrDescriptor
                0x00000000080081bc       0x24 USB_DEVICE/App/usbd_desc.o
                0x00000000080081bc                USBD_FS_SerialStrDescriptor
 .text.USBD_FS_ConfigStrDescriptor
                0x00000000080081e0       0x3c USB_DEVICE/App/usbd_desc.o
                0x00000000080081e0                USBD_FS_ConfigStrDescriptor
 .text.USBD_FS_InterfaceStrDescriptor
                0x000000000800821c       0x3c USB_DEVICE/App/usbd_desc.o
                0x000000000800821c                USBD_FS_InterfaceStrDescriptor
 .text.Get_SerialNum
                0x0000000008008258       0x58 USB_DEVICE/App/usbd_desc.o
 .text.IntToUnicode
                0x00000000080082b0       0x7c USB_DEVICE/App/usbd_desc.o
 .text.HAL_PCD_MspInit
                0x000000000800832c       0x4c USB_DEVICE/Target/usbd_conf.o
                0x000000000800832c                HAL_PCD_MspInit
 .text.HAL_PCD_SetupStageCallback
                0x0000000008008378       0x24 USB_DEVICE/Target/usbd_conf.o
                0x0000000008008378                HAL_PCD_SetupStageCallback
 .text.HAL_PCD_DataOutStageCallback
                0x000000000800839c       0x36 USB_DEVICE/Target/usbd_conf.o
                0x000000000800839c                HAL_PCD_DataOutStageCallback
 .text.HAL_PCD_DataInStageCallback
                0x00000000080083d2       0x34 USB_DEVICE/Target/usbd_conf.o
                0x00000000080083d2                HAL_PCD_DataInStageCallback
 .text.HAL_PCD_SOFCallback
                0x0000000008008406       0x1c USB_DEVICE/Target/usbd_conf.o
                0x0000000008008406                HAL_PCD_SOFCallback
 .text.HAL_PCD_ResetCallback
                0x0000000008008422       0x3c USB_DEVICE/Target/usbd_conf.o
                0x0000000008008422                HAL_PCD_ResetCallback
 *fill*         0x000000000800845e        0x2 
 .text.HAL_PCD_SuspendCallback
                0x0000000008008460       0x34 USB_DEVICE/Target/usbd_conf.o
                0x0000000008008460                HAL_PCD_SuspendCallback
 .text.HAL_PCD_ResumeCallback
                0x0000000008008494       0x1c USB_DEVICE/Target/usbd_conf.o
                0x0000000008008494                HAL_PCD_ResumeCallback
 .text.USBD_LL_Init
                0x00000000080084b0       0xb4 USB_DEVICE/Target/usbd_conf.o
                0x00000000080084b0                USBD_LL_Init
 .text.USBD_LL_Start
                0x0000000008008564       0x36 USB_DEVICE/Target/usbd_conf.o
                0x0000000008008564                USBD_LL_Start
 .text.USBD_LL_OpenEP
                0x000000000800859a       0x4c USB_DEVICE/Target/usbd_conf.o
                0x000000000800859a                USBD_LL_OpenEP
 .text.USBD_LL_CloseEP
                0x00000000080085e6       0x3e USB_DEVICE/Target/usbd_conf.o
                0x00000000080085e6                USBD_LL_CloseEP
 .text.USBD_LL_StallEP
                0x0000000008008624       0x3e USB_DEVICE/Target/usbd_conf.o
                0x0000000008008624                USBD_LL_StallEP
 .text.USBD_LL_ClearStallEP
                0x0000000008008662       0x3e USB_DEVICE/Target/usbd_conf.o
                0x0000000008008662                USBD_LL_ClearStallEP
 .text.USBD_LL_IsStallEP
                0x00000000080086a0       0x58 USB_DEVICE/Target/usbd_conf.o
                0x00000000080086a0                USBD_LL_IsStallEP
 .text.USBD_LL_SetUSBAddress
                0x00000000080086f8       0x3e USB_DEVICE/Target/usbd_conf.o
                0x00000000080086f8                USBD_LL_SetUSBAddress
 .text.USBD_LL_Transmit
                0x0000000008008736       0x46 USB_DEVICE/Target/usbd_conf.o
                0x0000000008008736                USBD_LL_Transmit
 .text.USBD_LL_PrepareReceive
                0x000000000800877c       0x46 USB_DEVICE/Target/usbd_conf.o
                0x000000000800877c                USBD_LL_PrepareReceive
 .text.USBD_LL_GetRxDataSize
                0x00000000080087c2       0x26 USB_DEVICE/Target/usbd_conf.o
                0x00000000080087c2                USBD_LL_GetRxDataSize
 .text.USBD_static_malloc
                0x00000000080087e8       0x18 USB_DEVICE/Target/usbd_conf.o
                0x00000000080087e8                USBD_static_malloc
 .text.USBD_static_free
                0x0000000008008800       0x12 USB_DEVICE/Target/usbd_conf.o
                0x0000000008008800                USBD_static_free
 .text.HAL_PCDEx_SetConnectionState
                0x0000000008008812       0x16 USB_DEVICE/Target/usbd_conf.o
                0x0000000008008812                HAL_PCDEx_SetConnectionState
 .text.USBD_Get_USB_Status
                0x0000000008008828       0x58 USB_DEVICE/Target/usbd_conf.o
 .text.__errno  0x0000000008008880        0xc d:/stm32cubeide_1.6.0/stm32cubeide/plugins/com.st.stm32cube.ide.mcu.externaltools.gnu-tools-for-stm32.9-2020-q2-update.win32_1.5.0.202011040924/tools/bin/../lib/gcc/arm-none-eabi/9.3.1/../../../../arm-none-eabi/lib/thumb/v7-m/nofp\libc_nano.a(lib_a-errno.o)
                0x0000000008008880                __errno
 .text.__libc_init_array
                0x000000000800888c       0x48 d:/stm32cubeide_1.6.0/stm32cubeide/plugins/com.st.stm32cube.ide.mcu.externaltools.gnu-tools-for-stm32.9-2020-q2-update.win32_1.5.0.202011040924/tools/bin/../lib/gcc/arm-none-eabi/9.3.1/../../../../arm-none-eabi/lib/thumb/v7-m/nofp\libc_nano.a(lib_a-init.o)
                0x000000000800888c                __libc_init_array
 .text.memset   0x00000000080088d4       0x10 d:/stm32cubeide_1.6.0/stm32cubeide/plugins/com.st.stm32cube.ide.mcu.externaltools.gnu-tools-for-stm32.9-2020-q2-update.win32_1.5.0.202011040924/tools/bin/../lib/gcc/arm-none-eabi/9.3.1/../../../../arm-none-eabi/lib/thumb/v7-m/nofp\libc_nano.a(lib_a-memset.o)
                0x00000000080088d4                memset
 .text.snprintf
                0x00000000080088e4       0x68 d:/stm32cubeide_1.6.0/stm32cubeide/plugins/com.st.stm32cube.ide.mcu.externaltools.gnu-tools-for-stm32.9-2020-q2-update.win32_1.5.0.202011040924/tools/bin/../lib/gcc/arm-none-eabi/9.3.1/../../../../arm-none-eabi/lib/thumb/v7-m/nofp\libc_nano.a(lib_a-snprintf.o)
                0x00000000080088e4                sniprintf
                0x00000000080088e4                snprintf
 .text.sprintf  0x000000000800894c       0x40 d:/stm32cubeide_1.6.0/stm32cubeide/plugins/com.st.stm32cube.ide.mcu.externaltools.gnu-tools-for-stm32.9-2020-q2-update.win32_1.5.0.202011040924/tools/bin/../lib/gcc/arm-none-eabi/9.3.1/../../../../arm-none-eabi/lib/thumb/v7-m/nofp\libc_nano.a(lib_a-sprintf.o)
                0x000000000800894c                siprintf
                0x000000000800894c                sprintf
 .text.__ssputs_r
                0x000000000800898c       0xb6 d:/stm32cubeide_1.6.0/stm32cubeide/plugins/com.st.stm32cube.ide.mcu.externaltools.gnu-tools-for-stm32.9-2020-q2-update.win32_1.5.0.202011040924/tools/bin/../lib/gcc/arm-none-eabi/9.3.1/../../../../arm-none-eabi/lib/thumb/v7-m/nofp\libc_nano.a(lib_a-nano-svfprintf.o)
                0x000000000800898c                __ssputs_r
 *fill*         0x0000000008008a42        0x2 
 .text._svfprintf_r
                0x0000000008008a44      0x200 d:/stm32cubeide_1.6.0/stm32cubeide/plugins/com.st.stm32cube.ide.mcu.externaltools.gnu-tools-for-stm32.9-2020-q2-update.win32_1.5.0.202011040924/tools/bin/../lib/gcc/arm-none-eabi/9.3.1/../../../../arm-none-eabi/lib/thumb/v7-m/nofp\libc_nano.a(lib_a-nano-svfprintf.o)
                0x0000000008008a44                _svfiprintf_r
                0x0000000008008a44                _svfprintf_r
 .text._printf_common
                0x0000000008008c44       0xde d:/stm32cubeide_1.6.0/stm32cubeide/plugins/com.st.stm32cube.ide.mcu.externaltools.gnu-tools-for-stm32.9-2020-q2-update.win32_1.5.0.202011040924/tools/bin/../lib/gcc/arm-none-eabi/9.3.1/../../../../arm-none-eabi/lib/thumb/v7-m/nofp\libc_nano.a(lib_a-nano-vfprintf_i.o)
                0x0000000008008c44                _printf_common
 *fill*         0x0000000008008d22        0x2 
 .text._printf_i
                0x0000000008008d24      0x24c d:/stm32cubeide_1.6.0/stm32cubeide/plugins/com.st.stm32cube.ide.mcu.externaltools.gnu-tools-for-stm32.9-2020-q2-update.win32_1.5.0.202011040924/tools/bin/../lib/gcc/arm-none-eabi/9.3.1/../../../../arm-none-eabi/lib/thumb/v7-m/nofp\libc_nano.a(lib_a-nano-vfprintf_i.o)
                0x0000000008008d24                _printf_i
 .text.memchr   0x0000000008008f70       0x1c d:/stm32cubeide_1.6.0/stm32cubeide/plugins/com.st.stm32cube.ide.mcu.externaltools.gnu-tools-for-stm32.9-2020-q2-update.win32_1.5.0.202011040924/tools/bin/../lib/gcc/arm-none-eabi/9.3.1/../../../../arm-none-eabi/lib/thumb/v7-m/nofp\libc_nano.a(lib_a-memchr-stub.o)
                0x0000000008008f70                memchr
 .text.memcpy   0x0000000008008f8c       0x1c d:/stm32cubeide_1.6.0/stm32cubeide/plugins/com.st.stm32cube.ide.mcu.externaltools.gnu-tools-for-stm32.9-2020-q2-update.win32_1.5.0.202011040924/tools/bin/../lib/gcc/arm-none-eabi/9.3.1/../../../../arm-none-eabi/lib/thumb/v7-m/nofp\libc_nano.a(lib_a-memcpy-stub.o)
                0x0000000008008f8c                memcpy
 .text.memmove  0x0000000008008fa8       0x34 d:/stm32cubeide_1.6.0/stm32cubeide/plugins/com.st.stm32cube.ide.mcu.externaltools.gnu-tools-for-stm32.9-2020-q2-update.win32_1.5.0.202011040924/tools/bin/../lib/gcc/arm-none-eabi/9.3.1/../../../../arm-none-eabi/lib/thumb/v7-m/nofp\libc_nano.a(lib_a-memmove.o)
                0x0000000008008fa8                memmove
 .text._free_r  0x0000000008008fdc       0x98 d:/stm32cubeide_1.6.0/stm32cubeide/plugins/com.st.stm32cube.ide.mcu.externaltools.gnu-tools-for-stm32.9-2020-q2-update.win32_1.5.0.202011040924/tools/bin/../lib/gcc/arm-none-eabi/9.3.1/../../../../arm-none-eabi/lib/thumb/v7-m/nofp\libc_nano.a(lib_a-nano-freer.o)
                0x0000000008008fdc                _free_r
 .text._malloc_r
                0x0000000008009074       0xb4 d:/stm32cubeide_1.6.0/stm32cubeide/plugins/com.st.stm32cube.ide.mcu.externaltools.gnu-tools-for-stm32.9-2020-q2-update.win32_1.5.0.202011040924/tools/bin/../lib/gcc/arm-none-eabi/9.3.1/../../../../arm-none-eabi/lib/thumb/v7-m/nofp\libc_nano.a(lib_a-nano-mallocr.o)
                0x0000000008009074                _malloc_r
 .text._realloc_r
                0x0000000008009128       0x4c d:/stm32cubeide_1.6.0/stm32cubeide/plugins/com.st.stm32cube.ide.mcu.externaltools.gnu-tools-for-stm32.9-2020-q2-update.win32_1.5.0.202011040924/tools/bin/../lib/gcc/arm-none-eabi/9.3.1/../../../../arm-none-eabi/lib/thumb/v7-m/nofp\libc_nano.a(lib_a-nano-reallocr.o)
                0x0000000008009128                _realloc_r
 .text._sbrk_r  0x0000000008009174       0x20 d:/stm32cubeide_1.6.0/stm32cubeide/plugins/com.st.stm32cube.ide.mcu.externaltools.gnu-tools-for-stm32.9-2020-q2-update.win32_1.5.0.202011040924/tools/bin/../lib/gcc/arm-none-eabi/9.3.1/../../../../arm-none-eabi/lib/thumb/v7-m/nofp\libc_nano.a(lib_a-sbrkr.o)
                0x0000000008009174                _sbrk_r
 .text.__malloc_lock
                0x0000000008009194        0xc d:/stm32cubeide_1.6.0/stm32cubeide/plugins/com.st.stm32cube.ide.mcu.externaltools.gnu-tools-for-stm32.9-2020-q2-update.win32_1.5.0.202011040924/tools/bin/../lib/gcc/arm-none-eabi/9.3.1/../../../../arm-none-eabi/lib/thumb/v7-m/nofp\libc_nano.a(lib_a-mlock.o)
                0x0000000008009194                __malloc_lock
 .text.__malloc_unlock
                0x00000000080091a0        0xc d:/stm32cubeide_1.6.0/stm32cubeide/plugins/com.st.stm32cube.ide.mcu.externaltools.gnu-tools-for-stm32.9-2020-q2-update.win32_1.5.0.202011040924/tools/bin/../lib/gcc/arm-none-eabi/9.3.1/../../../../arm-none-eabi/lib/thumb/v7-m/nofp\libc_nano.a(lib_a-mlock.o)
                0x00000000080091a0                __malloc_unlock
 .text._malloc_usable_size_r
                0x00000000080091ac       0x10 d:/stm32cubeide_1.6.0/stm32cubeide/plugins/com.st.stm32cube.ide.mcu.externaltools.gnu-tools-for-stm32.9-2020-q2-update.win32_1.5.0.202011040924/tools/bin/../lib/gcc/arm-none-eabi/9.3.1/../../../../arm-none-eabi/lib/thumb/v7-m/nofp\libc_nano.a(lib_a-nano-msizer.o)
                0x00000000080091ac                _malloc_usable_size_r
 .text.__retarget_lock_acquire_recursive
                0x00000000080091bc        0x2 d:/stm32cubeide_1.6.0/stm32cubeide/plugins/com.st.stm32cube.ide.mcu.externaltools.gnu-tools-for-stm32.9-2020-q2-update.win32_1.5.0.202011040924/tools/bin/../lib/gcc/arm-none-eabi/9.3.1/../../../../arm-none-eabi/lib/thumb/v7-m/nofp\libc_nano.a(lib_a-lock.o)
                0x00000000080091bc                __retarget_lock_acquire_recursive
 .text.__retarget_lock_release_recursive
                0x00000000080091be        0x2 d:/stm32cubeide_1.6.0/stm32cubeide/plugins/com.st.stm32cube.ide.mcu.externaltools.gnu-tools-for-stm32.9-2020-q2-update.win32_1.5.0.202011040924/tools/bin/../lib/gcc/arm-none-eabi/9.3.1/../../../../arm-none-eabi/lib/thumb/v7-m/nofp\libc_nano.a(lib_a-lock.o)
                0x00000000080091be                __retarget_lock_release_recursive
 *(.glue_7)
 .glue_7        0x00000000080091c0        0x0 linker stubs
 *(.glue_7t)
 .glue_7t       0x00000000080091c0        0x0 linker stubs
 *(.eh_frame)
 .eh_frame      0x00000000080091c0        0x0 d:/stm32cubeide_1.6.0/stm32cubeide/plugins/com.st.stm32cube.ide.mcu.externaltools.gnu-tools-for-stm32.9-2020-q2-update.win32_1.5.0.202011040924/tools/bin/../lib/gcc/arm-none-eabi/9.3.1/thumb/v7-m/nofp/crtbegin.o
 *(.init)
 .init          0x00000000080091c0        0x4 d:/stm32cubeide_1.6.0/stm32cubeide/plugins/com.st.stm32cube.ide.mcu.externaltools.gnu-tools-for-stm32.9-2020-q2-update.win32_1.5.0.202011040924/tools/bin/../lib/gcc/arm-none-eabi/9.3.1/thumb/v7-m/nofp/crti.o
                0x00000000080091c0                _init
 .init          0x00000000080091c4        0x8 d:/stm32cubeide_1.6.0/stm32cubeide/plugins/com.st.stm32cube.ide.mcu.externaltools.gnu-tools-for-stm32.9-2020-q2-update.win32_1.5.0.202011040924/tools/bin/../lib/gcc/arm-none-eabi/9.3.1/thumb/v7-m/nofp/crtn.o
 *(.fini)
 .fini          0x00000000080091cc        0x4 d:/stm32cubeide_1.6.0/stm32cubeide/plugins/com.st.stm32cube.ide.mcu.externaltools.gnu-tools-for-stm32.9-2020-q2-update.win32_1.5.0.202011040924/tools/bin/../lib/gcc/arm-none-eabi/9.3.1/thumb/v7-m/nofp/crti.o
                0x00000000080091cc                _fini
 .fini          0x00000000080091d0        0x8 d:/stm32cubeide_1.6.0/stm32cubeide/plugins/com.st.stm32cube.ide.mcu.externaltools.gnu-tools-for-stm32.9-2020-q2-update.win32_1.5.0.202011040924/tools/bin/../lib/gcc/arm-none-eabi/9.3.1/thumb/v7-m/nofp/crtn.o
                0x00000000080091d8                . = ALIGN (0x4)
                0x00000000080091d8                _etext = .

.vfp11_veneer   0x00000000080091d8        0x0
 .vfp11_veneer  0x00000000080091d8        0x0 linker stubs

.v4_bx          0x00000000080091d8        0x0
 .v4_bx         0x00000000080091d8        0x0 linker stubs

.iplt           0x00000000080091d8        0x0
 .iplt          0x00000000080091d8        0x0 d:/stm32cubeide_1.6.0/stm32cubeide/plugins/com.st.stm32cube.ide.mcu.externaltools.gnu-tools-for-stm32.9-2020-q2-update.win32_1.5.0.202011040924/tools/bin/../lib/gcc/arm-none-eabi/9.3.1/thumb/v7-m/nofp/crtbegin.o

.rodata         0x00000000080091d8       0xf0
                0x00000000080091d8                . = ALIGN (0x4)
 *(.rodata)
 .rodata        0x00000000080091d8       0x35 Core/Src/main.o
 *fill*         0x000000000800920d        0x3 
 .rodata        0x0000000008009210       0x10 Drivers/STM32F1xx_HAL_Driver/Src/stm32f1xx_hal_rcc.o
 .rodata        0x0000000008009220       0x12 USB_DEVICE/App/usbd_cdc_if.o
 *fill*         0x0000000008009232        0x2 
 .rodata        0x0000000008009234       0x46 USB_DEVICE/App/usbd_desc.o
 *(.rodata*)
 *fill*         0x000000000800927a        0x2 
 .rodata.AHBPrescTable
                0x000000000800927c       0x10 Core/Src/system_stm32f1xx.o
                0x000000000800927c                AHBPrescTable
 .rodata.APBPrescTable
                0x000000000800928c        0x8 Core/Src/system_stm32f1xx.o
                0x000000000800928c                APBPrescTable
 .rodata._svfprintf_r.str1.1
                0x0000000008009294       0x11 d:/stm32cubeide_1.6.0/stm32cubeide/plugins/com.st.stm32cube.ide.mcu.externaltools.gnu-tools-for-stm32.9-2020-q2-update.win32_1.5.0.202011040924/tools/bin/../lib/gcc/arm-none-eabi/9.3.1/../../../../arm-none-eabi/lib/thumb/v7-m/nofp\libc_nano.a(lib_a-nano-svfprintf.o)
 .rodata._printf_i.str1.1
                0x00000000080092a5       0x22 d:/stm32cubeide_1.6.0/stm32cubeide/plugins/com.st.stm32cube.ide.mcu.externaltools.gnu-tools-for-stm32.9-2020-q2-update.win32_1.5.0.202011040924/tools/bin/../lib/gcc/arm-none-eabi/9.3.1/../../../../arm-none-eabi/lib/thumb/v7-m/nofp\libc_nano.a(lib_a-nano-vfprintf_i.o)
                0x00000000080092c8                . = ALIGN (0x4)
 *fill*         0x00000000080092c7        0x1 

.rel.dyn        0x00000000080092c8        0x0
 .rel.iplt      0x00000000080092c8        0x0 d:/stm32cubeide_1.6.0/stm32cubeide/plugins/com.st.stm32cube.ide.mcu.externaltools.gnu-tools-for-stm32.9-2020-q2-update.win32_1.5.0.202011040924/tools/bin/../lib/gcc/arm-none-eabi/9.3.1/thumb/v7-m/nofp/crtbegin.o

.ARM.extab      0x00000000080092c8        0x0
                0x00000000080092c8                . = ALIGN (0x4)
 *(.ARM.extab* .gnu.linkonce.armextab.*)
                0x00000000080092c8                . = ALIGN (0x4)

.ARM            0x00000000080092c8        0x0
                0x00000000080092c8                . = ALIGN (0x4)
                0x00000000080092c8                __exidx_start = .
 *(.ARM.exidx*)
                0x00000000080092c8                __exidx_end = .
                0x00000000080092c8                . = ALIGN (0x4)

.preinit_array  0x00000000080092c8        0x0
                0x00000000080092c8                . = ALIGN (0x4)
                0x00000000080092c8                PROVIDE (__preinit_array_start = .)
 *(.preinit_array*)
                0x00000000080092c8                PROVIDE (__preinit_array_end = .)
                0x00000000080092c8                . = ALIGN (0x4)

.init_array     0x00000000080092c8        0x4
                0x00000000080092c8                . = ALIGN (0x4)
                0x00000000080092c8                PROVIDE (__init_array_start = .)
 *(SORT_BY_NAME(.init_array.*))
 *(.init_array*)
 .init_array    0x00000000080092c8        0x4 d:/stm32cubeide_1.6.0/stm32cubeide/plugins/com.st.stm32cube.ide.mcu.externaltools.gnu-tools-for-stm32.9-2020-q2-update.win32_1.5.0.202011040924/tools/bin/../lib/gcc/arm-none-eabi/9.3.1/thumb/v7-m/nofp/crtbegin.o
                0x00000000080092cc                PROVIDE (__init_array_end = .)
                0x00000000080092cc                . = ALIGN (0x4)

.fini_array     0x00000000080092cc        0x4
                0x00000000080092cc                . = ALIGN (0x4)
                [!provide]                        PROVIDE (__fini_array_start = .)
 *(SORT_BY_NAME(.fini_array.*))
 *(.fini_array*)
 .fini_array    0x00000000080092cc        0x4 d:/stm32cubeide_1.6.0/stm32cubeide/plugins/com.st.stm32cube.ide.mcu.externaltools.gnu-tools-for-stm32.9-2020-q2-update.win32_1.5.0.202011040924/tools/bin/../lib/gcc/arm-none-eabi/9.3.1/thumb/v7-m/nofp/crtbegin.o
                [!provide]                        PROVIDE (__fini_array_end = .)
                0x00000000080092d0                . = ALIGN (0x4)
                0x00000000080092d0                _sidata = LOADADDR (.data)

.data           0x0000000020000000      0x1e0 load address 0x00000000080092d0
                0x0000000020000000                . = ALIGN (0x4)
                0x0000000020000000                _sdata = .
 *(.data)
 *(.data*)
 .data.SystemCoreClock
                0x0000000020000000        0x4 Core/Src/system_stm32f1xx.o
                0x0000000020000000                SystemCoreClock
 .data.uwTickPrio
                0x0000000020000004        0x4 Drivers/STM32F1xx_HAL_Driver/Src/stm32f1xx_hal.o
                0x0000000020000004                uwTickPrio
 .data.uwTickFreq
                0x0000000020000008        0x1 Drivers/STM32F1xx_HAL_Driver/Src/stm32f1xx_hal.o
                0x0000000020000008                uwTickFreq
 *fill*         0x0000000020000009        0x3 
 .data.USBD_CDC_DeviceQualifierDesc
                0x000000002000000c        0xa Middlewares/ST/STM32_USB_Device_Library/Class/CDC/Src/usbd_cdc.o
 *fill*         0x0000000020000016        0x2 
 .data.USBD_CDC
                0x0000000020000018       0x38 Middlewares/ST/STM32_USB_Device_Library/Class/CDC/Src/usbd_cdc.o
                0x0000000020000018                USBD_CDC
 .data.USBD_CDC_CfgHSDesc
                0x0000000020000050       0x43 Middlewares/ST/STM32_USB_Device_Library/Class/CDC/Src/usbd_cdc.o
                0x0000000020000050                USBD_CDC_CfgHSDesc
 *fill*         0x0000000020000093        0x1 
 .data.USBD_CDC_CfgFSDesc
                0x0000000020000094       0x43 Middlewares/ST/STM32_USB_Device_Library/Class/CDC/Src/usbd_cdc.o
                0x0000000020000094                USBD_CDC_CfgFSDesc
 *fill*         0x00000000200000d7        0x1 
 .data.USBD_CDC_OtherSpeedCfgDesc
                0x00000000200000d8       0x43 Middlewares/ST/STM32_USB_Device_Library/Class/CDC/Src/usbd_cdc.o
                0x00000000200000d8                USBD_CDC_OtherSpeedCfgDesc
 *fill*         0x000000002000011b        0x1 
 .data.USBD_Interface_fops_FS
                0x000000002000011c       0x10 USB_DEVICE/App/usbd_cdc_if.o
                0x000000002000011c                USBD_Interface_fops_FS
 .data.FS_Desc  0x000000002000012c       0x1c USB_DEVICE/App/usbd_desc.o
                0x000000002000012c                FS_Desc
 .data.USBD_FS_DeviceDesc
                0x0000000020000148       0x12 USB_DEVICE/App/usbd_desc.o
                0x0000000020000148                USBD_FS_DeviceDesc
 *fill*         0x000000002000015a        0x2 
 .data.USBD_LangIDDesc
                0x000000002000015c        0x4 USB_DEVICE/App/usbd_desc.o
                0x000000002000015c                USBD_LangIDDesc
 .data.USBD_StringSerial
                0x0000000020000160       0x1a USB_DEVICE/App/usbd_desc.o
                0x0000000020000160                USBD_StringSerial
 *fill*         0x000000002000017a        0x2 
 .data._impure_ptr
                0x000000002000017c        0x4 d:/stm32cubeide_1.6.0/stm32cubeide/plugins/com.st.stm32cube.ide.mcu.externaltools.gnu-tools-for-stm32.9-2020-q2-update.win32_1.5.0.202011040924/tools/bin/../lib/gcc/arm-none-eabi/9.3.1/../../../../arm-none-eabi/lib/thumb/v7-m/nofp\libc_nano.a(lib_a-impure.o)
                0x000000002000017c                _impure_ptr
 .data.impure_data
                0x0000000020000180       0x60 d:/stm32cubeide_1.6.0/stm32cubeide/plugins/com.st.stm32cube.ide.mcu.externaltools.gnu-tools-for-stm32.9-2020-q2-update.win32_1.5.0.202011040924/tools/bin/../lib/gcc/arm-none-eabi/9.3.1/../../../../arm-none-eabi/lib/thumb/v7-m/nofp\libc_nano.a(lib_a-impure.o)
 *(.RamFunc)
 *(.RamFunc*)
                0x00000000200001e0                . = ALIGN (0x4)
                0x00000000200001e0                _edata = .

.igot.plt       0x00000000200001e0        0x0 load address 0x00000000080094b0
 .igot.plt      0x00000000200001e0        0x0 d:/stm32cubeide_1.6.0/stm32cubeide/plugins/com.st.stm32cube.ide.mcu.externaltools.gnu-tools-for-stm32.9-2020-q2-update.win32_1.5.0.202011040924/tools/bin/../lib/gcc/arm-none-eabi/9.3.1/thumb/v7-m/nofp/crtbegin.o
                0x00000000200001e0                . = ALIGN (0x4)

.bss            0x00000000200001e0     0x1314 load address 0x00000000080094b0
                0x00000000200001e0                _sbss = .
                0x00000000200001e0                __bss_start__ = _sbss
 *(.bss)
 .bss           0x00000000200001e0       0x1c d:/stm32cubeide_1.6.0/stm32cubeide/plugins/com.st.stm32cube.ide.mcu.externaltools.gnu-tools-for-stm32.9-2020-q2-update.win32_1.5.0.202011040924/tools/bin/../lib/gcc/arm-none-eabi/9.3.1/thumb/v7-m/nofp/crtbegin.o
 *(.bss*)
 .bss.trans_str
                0x00000000200001fc       0x80 Core/Src/main.o
                0x00000000200001fc                trans_str
 .bss.TxData    0x000000002000027c        0x8 Core/Src/main.o
                0x000000002000027c                TxData
 .bss.RxData    0x0000000020000284        0x8 Core/Src/main.o
                0x0000000020000284                RxData
 .bss.TxMailbox
                0x000000002000028c        0x4 Core/Src/main.o
                0x000000002000028c                TxMailbox
 .bss.__sbrk_heap_end
                0x0000000020000290        0x4 Core/Src/sysmem.o
 .bss.cfgidx.7998
                0x0000000020000294        0x1 Middlewares/ST/STM32_USB_Device_Library/Core/Src/usbd_ctlreq.o
 *fill*         0x0000000020000295        0x3 
 .bss.mem.8068  0x0000000020000298      0x220 USB_DEVICE/Target/usbd_conf.o
 .bss.__malloc_free_list
                0x00000000200004b8        0x4 d:/stm32cubeide_1.6.0/stm32cubeide/plugins/com.st.stm32cube.ide.mcu.externaltools.gnu-tools-for-stm32.9-2020-q2-update.win32_1.5.0.202011040924/tools/bin/../lib/gcc/arm-none-eabi/9.3.1/../../../../arm-none-eabi/lib/thumb/v7-m/nofp\libc_nano.a(lib_a-nano-mallocr.o)
                0x00000000200004b8                __malloc_free_list
 .bss.__malloc_sbrk_start
                0x00000000200004bc        0x4 d:/stm32cubeide_1.6.0/stm32cubeide/plugins/com.st.stm32cube.ide.mcu.externaltools.gnu-tools-for-stm32.9-2020-q2-update.win32_1.5.0.202011040924/tools/bin/../lib/gcc/arm-none-eabi/9.3.1/../../../../arm-none-eabi/lib/thumb/v7-m/nofp\libc_nano.a(lib_a-nano-mallocr.o)
                0x00000000200004bc                __malloc_sbrk_start
 *(COMMON)
 COMMON         0x00000000200004c0       0xa0 Core/Src/main.o
                0x00000000200004c0                hcan
                0x00000000200004e8                huart1
                0x000000002000052c                TxHeader
                0x0000000020000544                RxHeader
 COMMON         0x0000000020000560        0x4 Drivers/STM32F1xx_HAL_Driver/Src/stm32f1xx_hal.o
                0x0000000020000560                uwTick
 COMMON         0x0000000020000564      0x2c4 USB_DEVICE/App/usb_device.o
                0x0000000020000564                hUsbDeviceFS
 COMMON         0x0000000020000828      0x7d0 USB_DEVICE/App/usbd_cdc_if.o
                0x0000000020000828                UserRxBufferFS
                0x0000000020000c10                UserTxBufferFS
 COMMON         0x0000000020000ff8      0x200 USB_DEVICE/App/usbd_desc.o
                0x0000000020000ff8                USBD_StrDesc
 COMMON         0x00000000200011f8      0x2ec USB_DEVICE/Target/usbd_conf.o
                0x00000000200011f8                hpcd_USB_FS
 COMMON         0x00000000200014e4        0x4 d:/stm32cubeide_1.6.0/stm32cubeide/plugins/com.st.stm32cube.ide.mcu.externaltools.gnu-tools-for-stm32.9-2020-q2-update.win32_1.5.0.202011040924/tools/bin/../lib/gcc/arm-none-eabi/9.3.1/../../../../arm-none-eabi/lib/thumb/v7-m/nofp\libc_nano.a(lib_a-reent.o)
                0x00000000200014e4                errno
 COMMON         0x00000000200014e8        0x9 d:/stm32cubeide_1.6.0/stm32cubeide/plugins/com.st.stm32cube.ide.mcu.externaltools.gnu-tools-for-stm32.9-2020-q2-update.win32_1.5.0.202011040924/tools/bin/../lib/gcc/arm-none-eabi/9.3.1/../../../../arm-none-eabi/lib/thumb/v7-m/nofp\libc_nano.a(lib_a-lock.o)
                0x00000000200014e8                __lock___atexit_recursive_mutex
                0x00000000200014e9                __lock___arc4random_mutex
                0x00000000200014ea                __lock___env_recursive_mutex
                0x00000000200014eb                __lock___sinit_recursive_mutex
                0x00000000200014ec                __lock___malloc_recursive_mutex
                0x00000000200014ed                __lock___at_quick_exit_mutex
                0x00000000200014ee                __lock___dd_hash_mutex
                0x00000000200014ef                __lock___tz_mutex
                0x00000000200014f0                __lock___sfp_recursive_mutex
                0x00000000200014f4                . = ALIGN (0x4)
 *fill*         0x00000000200014f1        0x3 
                0x00000000200014f4                _ebss = .
                0x00000000200014f4                __bss_end__ = _ebss

._user_heap_stack
                0x00000000200014f4      0x604 load address 0x00000000080094b0
                0x00000000200014f8                . = ALIGN (0x8)
 *fill*         0x00000000200014f4        0x4 
                [!provide]                        PROVIDE (end = .)
                0x00000000200014f8                PROVIDE (_end = .)
                0x00000000200016f8                . = (. + _Min_Heap_Size)
 *fill*         0x00000000200014f8      0x200 
                0x0000000020001af8                . = (. + _Min_Stack_Size)
 *fill*         0x00000000200016f8      0x400 
                0x0000000020001af8                . = ALIGN (0x8)

/DISCARD/
 libc.a(*)
 libm.a(*)
 libgcc.a(*)

.ARM.attributes
                0x0000000000000000       0x29
 *(.ARM.attributes)
 .ARM.attributes
                0x0000000000000000       0x1d d:/stm32cubeide_1.6.0/stm32cubeide/plugins/com.st.stm32cube.ide.mcu.externaltools.gnu-tools-for-stm32.9-2020-q2-update.win32_1.5.0.202011040924/tools/bin/../lib/gcc/arm-none-eabi/9.3.1/thumb/v7-m/nofp/crti.o
 .ARM.attributes
                0x000000000000001d       0x2d d:/stm32cubeide_1.6.0/stm32cubeide/plugins/com.st.stm32cube.ide.mcu.externaltools.gnu-tools-for-stm32.9-2020-q2-update.win32_1.5.0.202011040924/tools/bin/../lib/gcc/arm-none-eabi/9.3.1/thumb/v7-m/nofp/crtbegin.o
 .ARM.attributes
                0x000000000000004a       0x2d Core/Src/main.o
 .ARM.attributes
                0x0000000000000077       0x2d Core/Src/stm32f1xx_hal_msp.o
 .ARM.attributes
                0x00000000000000a4       0x2d Core/Src/stm32f1xx_it.o
 .ARM.attributes
                0x00000000000000d1       0x2d Core/Src/sysmem.o
 .ARM.attributes
                0x00000000000000fe       0x2d Core/Src/system_stm32f1xx.o
 .ARM.attributes
                0x000000000000012b       0x21 Core/Startup/startup_stm32f103rbtx.o
 .ARM.attributes
                0x000000000000014c       0x2d Drivers/STM32F1xx_HAL_Driver/Src/stm32f1xx_hal.o
 .ARM.attributes
                0x0000000000000179       0x2d Drivers/STM32F1xx_HAL_Driver/Src/stm32f1xx_hal_can.o
 .ARM.attributes
                0x00000000000001a6       0x2d Drivers/STM32F1xx_HAL_Driver/Src/stm32f1xx_hal_cortex.o
 .ARM.attributes
                0x00000000000001d3       0x2d Drivers/STM32F1xx_HAL_Driver/Src/stm32f1xx_hal_gpio.o
 .ARM.attributes
                0x0000000000000200       0x2d Drivers/STM32F1xx_HAL_Driver/Src/stm32f1xx_hal_pcd.o
 .ARM.attributes
                0x000000000000022d       0x2d Drivers/STM32F1xx_HAL_Driver/Src/stm32f1xx_hal_pcd_ex.o
 .ARM.attributes
                0x000000000000025a       0x2d Drivers/STM32F1xx_HAL_Driver/Src/stm32f1xx_hal_rcc.o
 .ARM.attributes
                0x0000000000000287       0x2d Drivers/STM32F1xx_HAL_Driver/Src/stm32f1xx_hal_rcc_ex.o
 .ARM.attributes
                0x00000000000002b4       0x2d Drivers/STM32F1xx_HAL_Driver/Src/stm32f1xx_hal_uart.o
 .ARM.attributes
                0x00000000000002e1       0x2d Drivers/STM32F1xx_HAL_Driver/Src/stm32f1xx_ll_usb.o
 .ARM.attributes
                0x000000000000030e       0x2d Middlewares/ST/STM32_USB_Device_Library/Class/CDC/Src/usbd_cdc.o
 .ARM.attributes
                0x000000000000033b       0x2d Middlewares/ST/STM32_USB_Device_Library/Core/Src/usbd_core.o
 .ARM.attributes
                0x0000000000000368       0x2d Middlewares/ST/STM32_USB_Device_Library/Core/Src/usbd_ctlreq.o
 .ARM.attributes
                0x0000000000000395       0x2d Middlewares/ST/STM32_USB_Device_Library/Core/Src/usbd_ioreq.o
 .ARM.attributes
                0x00000000000003c2       0x2d USB_DEVICE/App/usb_device.o
 .ARM.attributes
                0x00000000000003ef       0x2d USB_DEVICE/App/usbd_cdc_if.o
 .ARM.attributes
                0x000000000000041c       0x2d USB_DEVICE/App/usbd_desc.o
 .ARM.attributes
                0x0000000000000449       0x2d USB_DEVICE/Target/usbd_conf.o
 .ARM.attributes
                0x0000000000000476       0x2d d:/stm32cubeide_1.6.0/stm32cubeide/plugins/com.st.stm32cube.ide.mcu.externaltools.gnu-tools-for-stm32.9-2020-q2-update.win32_1.5.0.202011040924/tools/bin/../lib/gcc/arm-none-eabi/9.3.1/../../../../arm-none-eabi/lib/thumb/v7-m/nofp\libc_nano.a(lib_a-errno.o)
 .ARM.attributes
                0x00000000000004a3       0x2d d:/stm32cubeide_1.6.0/stm32cubeide/plugins/com.st.stm32cube.ide.mcu.externaltools.gnu-tools-for-stm32.9-2020-q2-update.win32_1.5.0.202011040924/tools/bin/../lib/gcc/arm-none-eabi/9.3.1/../../../../arm-none-eabi/lib/thumb/v7-m/nofp\libc_nano.a(lib_a-impure.o)
 .ARM.attributes
                0x00000000000004d0       0x2d d:/stm32cubeide_1.6.0/stm32cubeide/plugins/com.st.stm32cube.ide.mcu.externaltools.gnu-tools-for-stm32.9-2020-q2-update.win32_1.5.0.202011040924/tools/bin/../lib/gcc/arm-none-eabi/9.3.1/../../../../arm-none-eabi/lib/thumb/v7-m/nofp\libc_nano.a(lib_a-init.o)
 .ARM.attributes
                0x00000000000004fd       0x2d d:/stm32cubeide_1.6.0/stm32cubeide/plugins/com.st.stm32cube.ide.mcu.externaltools.gnu-tools-for-stm32.9-2020-q2-update.win32_1.5.0.202011040924/tools/bin/../lib/gcc/arm-none-eabi/9.3.1/../../../../arm-none-eabi/lib/thumb/v7-m/nofp\libc_nano.a(lib_a-memset.o)
 .ARM.attributes
                0x000000000000052a       0x2d d:/stm32cubeide_1.6.0/stm32cubeide/plugins/com.st.stm32cube.ide.mcu.externaltools.gnu-tools-for-stm32.9-2020-q2-update.win32_1.5.0.202011040924/tools/bin/../lib/gcc/arm-none-eabi/9.3.1/../../../../arm-none-eabi/lib/thumb/v7-m/nofp\libc_nano.a(lib_a-snprintf.o)
 .ARM.attributes
                0x0000000000000557       0x2d d:/stm32cubeide_1.6.0/stm32cubeide/plugins/com.st.stm32cube.ide.mcu.externaltools.gnu-tools-for-stm32.9-2020-q2-update.win32_1.5.0.202011040924/tools/bin/../lib/gcc/arm-none-eabi/9.3.1/../../../../arm-none-eabi/lib/thumb/v7-m/nofp\libc_nano.a(lib_a-sprintf.o)
 .ARM.attributes
                0x0000000000000584       0x17 d:/stm32cubeide_1.6.0/stm32cubeide/plugins/com.st.stm32cube.ide.mcu.externaltools.gnu-tools-for-stm32.9-2020-q2-update.win32_1.5.0.202011040924/tools/bin/../lib/gcc/arm-none-eabi/9.3.1/../../../../arm-none-eabi/lib/thumb/v7-m/nofp\libc_nano.a(lib_a-strlen.o)
 .ARM.attributes
                0x000000000000059b       0x2d d:/stm32cubeide_1.6.0/stm32cubeide/plugins/com.st.stm32cube.ide.mcu.externaltools.gnu-tools-for-stm32.9-2020-q2-update.win32_1.5.0.202011040924/tools/bin/../lib/gcc/arm-none-eabi/9.3.1/../../../../arm-none-eabi/lib/thumb/v7-m/nofp\libc_nano.a(lib_a-nano-svfprintf.o)
 .ARM.attributes
                0x00000000000005c8       0x2d d:/stm32cubeide_1.6.0/stm32cubeide/plugins/com.st.stm32cube.ide.mcu.externaltools.gnu-tools-for-stm32.9-2020-q2-update.win32_1.5.0.202011040924/tools/bin/../lib/gcc/arm-none-eabi/9.3.1/../../../../arm-none-eabi/lib/thumb/v7-m/nofp\libc_nano.a(lib_a-nano-vfprintf_i.o)
 .ARM.attributes
                0x00000000000005f5       0x2d d:/stm32cubeide_1.6.0/stm32cubeide/plugins/com.st.stm32cube.ide.mcu.externaltools.gnu-tools-for-stm32.9-2020-q2-update.win32_1.5.0.202011040924/tools/bin/../lib/gcc/arm-none-eabi/9.3.1/../../../../arm-none-eabi/lib/thumb/v7-m/nofp\libc_nano.a(lib_a-memchr-stub.o)
 .ARM.attributes
                0x0000000000000622       0x2d d:/stm32cubeide_1.6.0/stm32cubeide/plugins/com.st.stm32cube.ide.mcu.externaltools.gnu-tools-for-stm32.9-2020-q2-update.win32_1.5.0.202011040924/tools/bin/../lib/gcc/arm-none-eabi/9.3.1/../../../../arm-none-eabi/lib/thumb/v7-m/nofp\libc_nano.a(lib_a-memcpy-stub.o)
 .ARM.attributes
                0x000000000000064f       0x2d d:/stm32cubeide_1.6.0/stm32cubeide/plugins/com.st.stm32cube.ide.mcu.externaltools.gnu-tools-for-stm32.9-2020-q2-update.win32_1.5.0.202011040924/tools/bin/../lib/gcc/arm-none-eabi/9.3.1/../../../../arm-none-eabi/lib/thumb/v7-m/nofp\libc_nano.a(lib_a-memmove.o)
 .ARM.attributes
                0x000000000000067c       0x2d d:/stm32cubeide_1.6.0/stm32cubeide/plugins/com.st.stm32cube.ide.mcu.externaltools.gnu-tools-for-stm32.9-2020-q2-update.win32_1.5.0.202011040924/tools/bin/../lib/gcc/arm-none-eabi/9.3.1/../../../../arm-none-eabi/lib/thumb/v7-m/nofp\libc_nano.a(lib_a-nano-freer.o)
 .ARM.attributes
                0x00000000000006a9       0x2d d:/stm32cubeide_1.6.0/stm32cubeide/plugins/com.st.stm32cube.ide.mcu.externaltools.gnu-tools-for-stm32.9-2020-q2-update.win32_1.5.0.202011040924/tools/bin/../lib/gcc/arm-none-eabi/9.3.1/../../../../arm-none-eabi/lib/thumb/v7-m/nofp\libc_nano.a(lib_a-nano-mallocr.o)
 .ARM.attributes
                0x00000000000006d6       0x2d d:/stm32cubeide_1.6.0/stm32cubeide/plugins/com.st.stm32cube.ide.mcu.externaltools.gnu-tools-for-stm32.9-2020-q2-update.win32_1.5.0.202011040924/tools/bin/../lib/gcc/arm-none-eabi/9.3.1/../../../../arm-none-eabi/lib/thumb/v7-m/nofp\libc_nano.a(lib_a-nano-reallocr.o)
 .ARM.attributes
                0x0000000000000703       0x2d d:/stm32cubeide_1.6.0/stm32cubeide/plugins/com.st.stm32cube.ide.mcu.externaltools.gnu-tools-for-stm32.9-2020-q2-update.win32_1.5.0.202011040924/tools/bin/../lib/gcc/arm-none-eabi/9.3.1/../../../../arm-none-eabi/lib/thumb/v7-m/nofp\libc_nano.a(lib_a-sbrkr.o)
 .ARM.attributes
                0x0000000000000730       0x2d d:/stm32cubeide_1.6.0/stm32cubeide/plugins/com.st.stm32cube.ide.mcu.externaltools.gnu-tools-for-stm32.9-2020-q2-update.win32_1.5.0.202011040924/tools/bin/../lib/gcc/arm-none-eabi/9.3.1/../../../../arm-none-eabi/lib/thumb/v7-m/nofp\libc_nano.a(lib_a-mlock.o)
 .ARM.attributes
                0x000000000000075d       0x2d d:/stm32cubeide_1.6.0/stm32cubeide/plugins/com.st.stm32cube.ide.mcu.externaltools.gnu-tools-for-stm32.9-2020-q2-update.win32_1.5.0.202011040924/tools/bin/../lib/gcc/arm-none-eabi/9.3.1/../../../../arm-none-eabi/lib/thumb/v7-m/nofp\libc_nano.a(lib_a-nano-msizer.o)
 .ARM.attributes
                0x000000000000078a       0x2d d:/stm32cubeide_1.6.0/stm32cubeide/plugins/com.st.stm32cube.ide.mcu.externaltools.gnu-tools-for-stm32.9-2020-q2-update.win32_1.5.0.202011040924/tools/bin/../lib/gcc/arm-none-eabi/9.3.1/../../../../arm-none-eabi/lib/thumb/v7-m/nofp\libc_nano.a(lib_a-reent.o)
 .ARM.attributes
                0x00000000000007b7       0x2d d:/stm32cubeide_1.6.0/stm32cubeide/plugins/com.st.stm32cube.ide.mcu.externaltools.gnu-tools-for-stm32.9-2020-q2-update.win32_1.5.0.202011040924/tools/bin/../lib/gcc/arm-none-eabi/9.3.1/../../../../arm-none-eabi/lib/thumb/v7-m/nofp\libc_nano.a(lib_a-lock.o)
 .ARM.attributes
                0x00000000000007e4       0x1d d:/stm32cubeide_1.6.0/stm32cubeide/plugins/com.st.stm32cube.ide.mcu.externaltools.gnu-tools-for-stm32.9-2020-q2-update.win32_1.5.0.202011040924/tools/bin/../lib/gcc/arm-none-eabi/9.3.1/thumb/v7-m/nofp/crtn.o
OUTPUT(CAN-USB_device.elf elf32-littlearm)
LOAD linker stubs
LOAD d:/stm32cubeide_1.6.0/stm32cubeide/plugins/com.st.stm32cube.ide.mcu.externaltools.gnu-tools-for-stm32.9-2020-q2-update.win32_1.5.0.202011040924/tools/bin/../lib/gcc/arm-none-eabi/9.3.1/../../../../arm-none-eabi/lib/thumb/v7-m/nofp\libc.a
LOAD d:/stm32cubeide_1.6.0/stm32cubeide/plugins/com.st.stm32cube.ide.mcu.externaltools.gnu-tools-for-stm32.9-2020-q2-update.win32_1.5.0.202011040924/tools/bin/../lib/gcc/arm-none-eabi/9.3.1/../../../../arm-none-eabi/lib/thumb/v7-m/nofp\libm.a
LOAD d:/stm32cubeide_1.6.0/stm32cubeide/plugins/com.st.stm32cube.ide.mcu.externaltools.gnu-tools-for-stm32.9-2020-q2-update.win32_1.5.0.202011040924/tools/bin/../lib/gcc/arm-none-eabi/9.3.1/thumb/v7-m/nofp\libgcc.a

.debug_info     0x0000000000000000    0x161dc
 .debug_info    0x0000000000000000     0x1985 Core/Src/main.o
 .debug_info    0x0000000000001985      0xea2 Core/Src/stm32f1xx_hal_msp.o
 .debug_info    0x0000000000002827      0xadf Core/Src/stm32f1xx_it.o
 .debug_info    0x0000000000003306      0xa25 Core/Src/sysmem.o
 .debug_info    0x0000000000003d2b      0x2be Core/Src/system_stm32f1xx.o
 .debug_info    0x0000000000003fe9       0x22 Core/Startup/startup_stm32f103rbtx.o
 .debug_info    0x000000000000400b      0x76a Drivers/STM32F1xx_HAL_Driver/Src/stm32f1xx_hal.o
 .debug_info    0x0000000000004775     0x107f Drivers/STM32F1xx_HAL_Driver/Src/stm32f1xx_hal_can.o
 .debug_info    0x00000000000057f4      0xbdc Drivers/STM32F1xx_HAL_Driver/Src/stm32f1xx_hal_cortex.o
 .debug_info    0x00000000000063d0      0x701 Drivers/STM32F1xx_HAL_Driver/Src/stm32f1xx_hal_gpio.o
 .debug_info    0x0000000000006ad1     0x1509 Drivers/STM32F1xx_HAL_Driver/Src/stm32f1xx_hal_pcd.o
 .debug_info    0x0000000000007fda      0x7fc Drivers/STM32F1xx_HAL_Driver/Src/stm32f1xx_hal_pcd_ex.o
 .debug_info    0x00000000000087d6      0x88e Drivers/STM32F1xx_HAL_Driver/Src/stm32f1xx_hal_rcc.o
 .debug_info    0x0000000000009064      0x480 Drivers/STM32F1xx_HAL_Driver/Src/stm32f1xx_hal_rcc_ex.o
 .debug_info    0x00000000000094e4     0x161a Drivers/STM32F1xx_HAL_Driver/Src/stm32f1xx_hal_uart.o
 .debug_info    0x000000000000aafe     0x19e6 Drivers/STM32F1xx_HAL_Driver/Src/stm32f1xx_ll_usb.o
 .debug_info    0x000000000000c4e4     0x193a Middlewares/ST/STM32_USB_Device_Library/Class/CDC/Src/usbd_cdc.o
 .debug_info    0x000000000000de1e     0x12ef Middlewares/ST/STM32_USB_Device_Library/Core/Src/usbd_core.o
 .debug_info    0x000000000000f10d     0x125c Middlewares/ST/STM32_USB_Device_Library/Core/Src/usbd_ctlreq.o
 .debug_info    0x0000000000010369     0x102e Middlewares/ST/STM32_USB_Device_Library/Core/Src/usbd_ioreq.o
 .debug_info    0x0000000000011397      0xf6b USB_DEVICE/App/usb_device.o
 .debug_info    0x0000000000012302     0x116a USB_DEVICE/App/usbd_cdc_if.o
 .debug_info    0x000000000001346c      0xde8 USB_DEVICE/App/usbd_desc.o
 .debug_info    0x0000000000014254     0x1f88 USB_DEVICE/Target/usbd_conf.o

.debug_abbrev   0x0000000000000000     0x3504
 .debug_abbrev  0x0000000000000000      0x30c Core/Src/main.o
 .debug_abbrev  0x000000000000030c      0x1f7 Core/Src/stm32f1xx_hal_msp.o
 .debug_abbrev  0x0000000000000503      0x1a6 Core/Src/stm32f1xx_it.o
 .debug_abbrev  0x00000000000006a9      0x1bf Core/Src/sysmem.o
 .debug_abbrev  0x0000000000000868      0x14e Core/Src/system_stm32f1xx.o
 .debug_abbrev  0x00000000000009b6       0x12 Core/Startup/startup_stm32f103rbtx.o
 .debug_abbrev  0x00000000000009c8      0x1ed Drivers/STM32F1xx_HAL_Driver/Src/stm32f1xx_hal.o
 .debug_abbrev  0x0000000000000bb5      0x235 Drivers/STM32F1xx_HAL_Driver/Src/stm32f1xx_hal_can.o
 .debug_abbrev  0x0000000000000dea      0x313 Drivers/STM32F1xx_HAL_Driver/Src/stm32f1xx_hal_cortex.o
 .debug_abbrev  0x00000000000010fd      0x1e8 Drivers/STM32F1xx_HAL_Driver/Src/stm32f1xx_hal_gpio.o
 .debug_abbrev  0x00000000000012e5      0x29e Drivers/STM32F1xx_HAL_Driver/Src/stm32f1xx_hal_pcd.o
 .debug_abbrev  0x0000000000001583      0x1ac Drivers/STM32F1xx_HAL_Driver/Src/stm32f1xx_hal_pcd_ex.o
 .debug_abbrev  0x000000000000172f      0x273 Drivers/STM32F1xx_HAL_Driver/Src/stm32f1xx_hal_rcc.o
 .debug_abbrev  0x00000000000019a2      0x193 Drivers/STM32F1xx_HAL_Driver/Src/stm32f1xx_hal_rcc_ex.o
 .debug_abbrev  0x0000000000001b35      0x28b Drivers/STM32F1xx_HAL_Driver/Src/stm32f1xx_hal_uart.o
 .debug_abbrev  0x0000000000001dc0      0x1fa Drivers/STM32F1xx_HAL_Driver/Src/stm32f1xx_ll_usb.o
 .debug_abbrev  0x0000000000001fba      0x2f6 Middlewares/ST/STM32_USB_Device_Library/Class/CDC/Src/usbd_cdc.o
 .debug_abbrev  0x00000000000022b0      0x2a8 Middlewares/ST/STM32_USB_Device_Library/Core/Src/usbd_core.o
 .debug_abbrev  0x0000000000002558      0x2de Middlewares/ST/STM32_USB_Device_Library/Core/Src/usbd_ctlreq.o
 .debug_abbrev  0x0000000000002836      0x20a Middlewares/ST/STM32_USB_Device_Library/Core/Src/usbd_ioreq.o
 .debug_abbrev  0x0000000000002a40      0x1e4 USB_DEVICE/App/usb_device.o
 .debug_abbrev  0x0000000000002c24      0x2dd USB_DEVICE/App/usbd_cdc_if.o
 .debug_abbrev  0x0000000000002f01      0x2ca USB_DEVICE/App/usbd_desc.o
 .debug_abbrev  0x00000000000031cb      0x339 USB_DEVICE/Target/usbd_conf.o

.debug_aranges  0x0000000000000000      0xdf8
 .debug_aranges
                0x0000000000000000       0x58 Core/Src/main.o
 .debug_aranges
                0x0000000000000058       0x40 Core/Src/stm32f1xx_hal_msp.o
 .debug_aranges
                0x0000000000000098       0x68 Core/Src/stm32f1xx_it.o
 .debug_aranges
                0x0000000000000100       0x20 Core/Src/sysmem.o
 .debug_aranges
                0x0000000000000120       0x28 Core/Src/system_stm32f1xx.o
 .debug_aranges
                0x0000000000000148       0x28 Core/Startup/startup_stm32f103rbtx.o
 .debug_aranges
                0x0000000000000170       0xe0 Drivers/STM32F1xx_HAL_Driver/Src/stm32f1xx_hal.o
 .debug_aranges
                0x0000000000000250      0x138 Drivers/STM32F1xx_HAL_Driver/Src/stm32f1xx_hal_can.o
 .debug_aranges
                0x0000000000000388      0x100 Drivers/STM32F1xx_HAL_Driver/Src/stm32f1xx_hal_cortex.o
 .debug_aranges
                0x0000000000000488       0x58 Drivers/STM32F1xx_HAL_Driver/Src/stm32f1xx_hal_gpio.o
 .debug_aranges
                0x00000000000004e0      0x138 Drivers/STM32F1xx_HAL_Driver/Src/stm32f1xx_hal_pcd.o
 .debug_aranges
                0x0000000000000618       0x38 Drivers/STM32F1xx_HAL_Driver/Src/stm32f1xx_hal_pcd_ex.o
 .debug_aranges
                0x0000000000000650       0x90 Drivers/STM32F1xx_HAL_Driver/Src/stm32f1xx_hal_rcc.o
 .debug_aranges
                0x00000000000006e0       0x30 Drivers/STM32F1xx_HAL_Driver/Src/stm32f1xx_hal_rcc_ex.o
 .debug_aranges
                0x0000000000000710      0x200 Drivers/STM32F1xx_HAL_Driver/Src/stm32f1xx_hal_uart.o
 .debug_aranges
                0x0000000000000910       0xf0 Drivers/STM32F1xx_HAL_Driver/Src/stm32f1xx_ll_usb.o
 .debug_aranges
                0x0000000000000a00       0x90 Middlewares/ST/STM32_USB_Device_Library/Class/CDC/Src/usbd_cdc.o
 .debug_aranges
                0x0000000000000a90       0xb8 Middlewares/ST/STM32_USB_Device_Library/Core/Src/usbd_core.o
 .debug_aranges
                0x0000000000000b48       0x88 Middlewares/ST/STM32_USB_Device_Library/Core/Src/usbd_ctlreq.o
 .debug_aranges
                0x0000000000000bd0       0x50 Middlewares/ST/STM32_USB_Device_Library/Core/Src/usbd_ioreq.o
 .debug_aranges
                0x0000000000000c20       0x20 USB_DEVICE/App/usb_device.o
 .debug_aranges
                0x0000000000000c40       0x40 USB_DEVICE/App/usbd_cdc_if.o
 .debug_aranges
                0x0000000000000c80       0x60 USB_DEVICE/App/usbd_desc.o
 .debug_aranges
                0x0000000000000ce0      0x118 USB_DEVICE/Target/usbd_conf.o

.debug_ranges   0x0000000000000000      0xcb0
 .debug_ranges  0x0000000000000000       0x48 Core/Src/main.o
 .debug_ranges  0x0000000000000048       0x30 Core/Src/stm32f1xx_hal_msp.o
 .debug_ranges  0x0000000000000078       0x58 Core/Src/stm32f1xx_it.o
 .debug_ranges  0x00000000000000d0       0x10 Core/Src/sysmem.o
 .debug_ranges  0x00000000000000e0       0x18 Core/Src/system_stm32f1xx.o
 .debug_ranges  0x00000000000000f8       0x20 Core/Startup/startup_stm32f103rbtx.o
 .debug_ranges  0x0000000000000118       0xd0 Drivers/STM32F1xx_HAL_Driver/Src/stm32f1xx_hal.o
 .debug_ranges  0x00000000000001e8      0x128 Drivers/STM32F1xx_HAL_Driver/Src/stm32f1xx_hal_can.o
 .debug_ranges  0x0000000000000310       0xf0 Drivers/STM32F1xx_HAL_Driver/Src/stm32f1xx_hal_cortex.o
 .debug_ranges  0x0000000000000400       0x48 Drivers/STM32F1xx_HAL_Driver/Src/stm32f1xx_hal_gpio.o
 .debug_ranges  0x0000000000000448      0x128 Drivers/STM32F1xx_HAL_Driver/Src/stm32f1xx_hal_pcd.o
 .debug_ranges  0x0000000000000570       0x28 Drivers/STM32F1xx_HAL_Driver/Src/stm32f1xx_hal_pcd_ex.o
 .debug_ranges  0x0000000000000598       0x80 Drivers/STM32F1xx_HAL_Driver/Src/stm32f1xx_hal_rcc.o
 .debug_ranges  0x0000000000000618       0x20 Drivers/STM32F1xx_HAL_Driver/Src/stm32f1xx_hal_rcc_ex.o
 .debug_ranges  0x0000000000000638      0x220 Drivers/STM32F1xx_HAL_Driver/Src/stm32f1xx_hal_uart.o
 .debug_ranges  0x0000000000000858       0xe0 Drivers/STM32F1xx_HAL_Driver/Src/stm32f1xx_ll_usb.o
 .debug_ranges  0x0000000000000938       0x80 Middlewares/ST/STM32_USB_Device_Library/Class/CDC/Src/usbd_cdc.o
 .debug_ranges  0x00000000000009b8       0xa8 Middlewares/ST/STM32_USB_Device_Library/Core/Src/usbd_core.o
 .debug_ranges  0x0000000000000a60       0x78 Middlewares/ST/STM32_USB_Device_Library/Core/Src/usbd_ctlreq.o
 .debug_ranges  0x0000000000000ad8       0x40 Middlewares/ST/STM32_USB_Device_Library/Core/Src/usbd_ioreq.o
 .debug_ranges  0x0000000000000b18       0x10 USB_DEVICE/App/usb_device.o
 .debug_ranges  0x0000000000000b28       0x30 USB_DEVICE/App/usbd_cdc_if.o
 .debug_ranges  0x0000000000000b58       0x50 USB_DEVICE/App/usbd_desc.o
 .debug_ranges  0x0000000000000ba8      0x108 USB_DEVICE/Target/usbd_conf.o

.debug_macro    0x0000000000000000    0x1a57d
 .debug_macro   0x0000000000000000      0x3b6 Core/Src/main.o
 .debug_macro   0x00000000000003b6      0xa9c Core/Src/main.o
 .debug_macro   0x0000000000000e52      0x221 Core/Src/main.o
 .debug_macro   0x0000000000001073       0x2e Core/Src/main.o
 .debug_macro   0x00000000000010a1       0x22 Core/Src/main.o
 .debug_macro   0x00000000000010c3       0x22 Core/Src/main.o
 .debug_macro   0x00000000000010e5       0x8e Core/Src/main.o
 .debug_macro   0x0000000000001173       0x51 Core/Src/main.o
 .debug_macro   0x00000000000011c4      0x103 Core/Src/main.o
 .debug_macro   0x00000000000012c7       0x6a Core/Src/main.o
 .debug_macro   0x0000000000001331      0x1df Core/Src/main.o
 .debug_macro   0x0000000000001510       0x1c Core/Src/main.o
 .debug_macro   0x000000000000152c       0x22 Core/Src/main.o
 .debug_macro   0x000000000000154e       0xc3 Core/Src/main.o
 .debug_macro   0x0000000000001611      0xd23 Core/Src/main.o
 .debug_macro   0x0000000000002334     0xe09e Core/Src/main.o
 .debug_macro   0x00000000000103d2       0x6d Core/Src/main.o
 .debug_macro   0x000000000001043f     0x3468 Core/Src/main.o
 .debug_macro   0x00000000000138a7      0x174 Core/Src/main.o
 .debug_macro   0x0000000000013a1b       0x5c Core/Src/main.o
 .debug_macro   0x0000000000013a77      0x5be Core/Src/main.o
 .debug_macro   0x0000000000014035      0x289 Core/Src/main.o
 .debug_macro   0x00000000000142be      0x1cb Core/Src/main.o
 .debug_macro   0x0000000000014489      0x114 Core/Src/main.o
 .debug_macro   0x000000000001459d      0x1b2 Core/Src/main.o
 .debug_macro   0x000000000001474f       0x27 Core/Src/main.o
 .debug_macro   0x0000000000014776      0x136 Core/Src/main.o
 .debug_macro   0x00000000000148ac      0x1bc Core/Src/main.o
 .debug_macro   0x0000000000014a68       0x34 Core/Src/main.o
 .debug_macro   0x0000000000014a9c       0x3c Core/Src/main.o
 .debug_macro   0x0000000000014ad8      0x408 Core/Src/main.o
 .debug_macro   0x0000000000014ee0       0x57 Core/Src/main.o
 .debug_macro   0x0000000000014f37       0x88 Core/Src/main.o
 .debug_macro   0x0000000000014fbf      0x241 Core/Src/main.o
 .debug_macro   0x0000000000015200      0x141 Core/Src/main.o
 .debug_macro   0x0000000000015341      0x279 Core/Src/main.o
 .debug_macro   0x00000000000155ba       0x65 Core/Src/main.o
 .debug_macro   0x000000000001561f      0x249 Core/Src/main.o
 .debug_macro   0x0000000000015868       0x83 Core/Src/main.o
 .debug_macro   0x00000000000158eb       0x10 Core/Src/main.o
 .debug_macro   0x00000000000158fb       0x52 Core/Src/main.o
 .debug_macro   0x000000000001594d       0x18 Core/Src/main.o
 .debug_macro   0x0000000000015965       0x3c Core/Src/main.o
 .debug_macro   0x00000000000159a1       0x34 Core/Src/main.o
 .debug_macro   0x00000000000159d5       0x16 Core/Src/main.o
 .debug_macro   0x00000000000159eb       0x35 Core/Src/main.o
 .debug_macro   0x0000000000015a20      0x333 Core/Src/main.o
 .debug_macro   0x0000000000015d53       0x10 Core/Src/main.o
 .debug_macro   0x0000000000015d63       0x16 Core/Src/main.o
 .debug_macro   0x0000000000015d79       0x43 Core/Src/main.o
 .debug_macro   0x0000000000015dbc       0x34 Core/Src/main.o
 .debug_macro   0x0000000000015df0       0x10 Core/Src/main.o
 .debug_macro   0x0000000000015e00       0x58 Core/Src/main.o
 .debug_macro   0x0000000000015e58       0x71 Core/Src/main.o
 .debug_macro   0x0000000000015ec9       0x1c Core/Src/main.o
 .debug_macro   0x0000000000015ee5      0x12a Core/Src/main.o
 .debug_macro   0x000000000001600f       0x10 Core/Src/main.o
 .debug_macro   0x000000000001601f       0x1c Core/Src/main.o
 .debug_macro   0x000000000001603b       0x52 Core/Src/main.o
 .debug_macro   0x000000000001608d       0x22 Core/Src/main.o
 .debug_macro   0x00000000000160af       0x10 Core/Src/main.o
 .debug_macro   0x00000000000160bf       0x40 Core/Src/main.o
 .debug_macro   0x00000000000160ff       0xd5 Core/Src/main.o
 .debug_macro   0x00000000000161d4       0x1c Core/Src/main.o
 .debug_macro   0x00000000000161f0       0x3d Core/Src/main.o
 .debug_macro   0x000000000001622d       0x16 Core/Src/main.o
 .debug_macro   0x0000000000016243      0x145 Core/Src/main.o
 .debug_macro   0x0000000000016388       0x16 Core/Src/main.o
 .debug_macro   0x000000000001639e       0x16 Core/Src/main.o
 .debug_macro   0x00000000000163b4       0x29 Core/Src/main.o
 .debug_macro   0x00000000000163dd       0x16 Core/Src/main.o
 .debug_macro   0x00000000000163f3       0x20 Core/Src/main.o
 .debug_macro   0x0000000000016413       0x60 Core/Src/main.o
 .debug_macro   0x0000000000016473      0x1c8 Core/Src/main.o
 .debug_macro   0x000000000001663b      0x1cb Core/Src/stm32f1xx_hal_msp.o
 .debug_macro   0x0000000000016806      0x1d5 Core/Src/stm32f1xx_it.o
 .debug_macro   0x00000000000169db       0xff Core/Src/sysmem.o
 .debug_macro   0x0000000000016ada      0x23b Core/Src/sysmem.o